Archive member included to satisfy reference by file (symbol)

C:\PROJECTFILES\STM32WB\deepstomp\Lib\CMSIS\GCC\libarm_cortexM3l_math.a(arm_abs_q15.o)
                              Src/deepstomp_distortion.o (arm_abs_q15)
c:/ac6/systemworkbench/plugins/fr.ac6.mcu.externaltools.arm-none.win32_1.16.0.201807130628/tools/compiler/bin/../lib/gcc/arm-none-eabi/7.2.1/../../../../arm-none-eabi/lib/thumb/v7-m\libm.a(lib_a-s_round.o)
                              Src/main.o (round)
c:/ac6/systemworkbench/plugins/fr.ac6.mcu.externaltools.arm-none.win32_1.16.0.201807130628/tools/compiler/bin/../lib/gcc/arm-none-eabi/7.2.1/thumb/v7-m\libgcc.a(_arm_addsubdf3.o)
                              c:/ac6/systemworkbench/plugins/fr.ac6.mcu.externaltools.arm-none.win32_1.16.0.201807130628/tools/compiler/bin/../lib/gcc/arm-none-eabi/7.2.1/../../../../arm-none-eabi/lib/thumb/v7-m\libm.a(lib_a-s_round.o) (__aeabi_dadd)
c:/ac6/systemworkbench/plugins/fr.ac6.mcu.externaltools.arm-none.win32_1.16.0.201807130628/tools/compiler/bin/../lib/gcc/arm-none-eabi/7.2.1/thumb/v7-m\libgcc.a(_arm_fixunsdfsi.o)
                              Src/main.o (__aeabi_d2uiz)
c:/ac6/systemworkbench/plugins/fr.ac6.mcu.externaltools.arm-none.win32_1.16.0.201807130628/tools/compiler/bin/../lib/gcc/arm-none-eabi/7.2.1/thumb/v7-m\libgcc.a(_arm_addsubsf3.o)
                              Src/main.o (__aeabi_ui2f)
c:/ac6/systemworkbench/plugins/fr.ac6.mcu.externaltools.arm-none.win32_1.16.0.201807130628/tools/compiler/bin/../lib/gcc/arm-none-eabi/7.2.1/thumb/v7-m\libgcc.a(_arm_muldivsf3.o)
                              Src/main.o (__aeabi_fmul)
c:/ac6/systemworkbench/plugins/fr.ac6.mcu.externaltools.arm-none.win32_1.16.0.201807130628/tools/compiler/bin/../lib/gcc/arm-none-eabi/7.2.1/../../../../arm-none-eabi/lib/thumb/v7-m\libc_nano.a(lib_a-exit.o)
                              c:/ac6/systemworkbench/plugins/fr.ac6.mcu.externaltools.arm-none.win32_1.16.0.201807130628/tools/compiler/bin/../lib/gcc/arm-none-eabi/7.2.1/../../../../arm-none-eabi/lib/thumb/v7-m/crt0.o (exit)
c:/ac6/systemworkbench/plugins/fr.ac6.mcu.externaltools.arm-none.win32_1.16.0.201807130628/tools/compiler/bin/../lib/gcc/arm-none-eabi/7.2.1/../../../../arm-none-eabi/lib/thumb/v7-m\libc_nano.a(lib_a-impure.o)
                              c:/ac6/systemworkbench/plugins/fr.ac6.mcu.externaltools.arm-none.win32_1.16.0.201807130628/tools/compiler/bin/../lib/gcc/arm-none-eabi/7.2.1/../../../../arm-none-eabi/lib/thumb/v7-m\libc_nano.a(lib_a-exit.o) (_global_impure_ptr)
c:/ac6/systemworkbench/plugins/fr.ac6.mcu.externaltools.arm-none.win32_1.16.0.201807130628/tools/compiler/bin/../lib/gcc/arm-none-eabi/7.2.1/../../../../arm-none-eabi/lib/thumb/v7-m\libc_nano.a(lib_a-init.o)
                              c:/ac6/systemworkbench/plugins/fr.ac6.mcu.externaltools.arm-none.win32_1.16.0.201807130628/tools/compiler/bin/../lib/gcc/arm-none-eabi/7.2.1/../../../../arm-none-eabi/lib/thumb/v7-m/crt0.o (__libc_init_array)
c:/ac6/systemworkbench/plugins/fr.ac6.mcu.externaltools.arm-none.win32_1.16.0.201807130628/tools/compiler/bin/../lib/gcc/arm-none-eabi/7.2.1/../../../../arm-none-eabi/lib/thumb/v7-m\libc_nano.a(lib_a-malloc.o)
                              Src/deepstomp_delay.o (malloc)
c:/ac6/systemworkbench/plugins/fr.ac6.mcu.externaltools.arm-none.win32_1.16.0.201807130628/tools/compiler/bin/../lib/gcc/arm-none-eabi/7.2.1/../../../../arm-none-eabi/lib/thumb/v7-m\libc_nano.a(lib_a-memset.o)
                              c:/ac6/systemworkbench/plugins/fr.ac6.mcu.externaltools.arm-none.win32_1.16.0.201807130628/tools/compiler/bin/../lib/gcc/arm-none-eabi/7.2.1/../../../../arm-none-eabi/lib/thumb/v7-m/crt0.o (memset)
c:/ac6/systemworkbench/plugins/fr.ac6.mcu.externaltools.arm-none.win32_1.16.0.201807130628/tools/compiler/bin/../lib/gcc/arm-none-eabi/7.2.1/../../../../arm-none-eabi/lib/thumb/v7-m\libc_nano.a(lib_a-nano-freer.o)
                              c:/ac6/systemworkbench/plugins/fr.ac6.mcu.externaltools.arm-none.win32_1.16.0.201807130628/tools/compiler/bin/../lib/gcc/arm-none-eabi/7.2.1/../../../../arm-none-eabi/lib/thumb/v7-m\libc_nano.a(lib_a-malloc.o) (_free_r)
c:/ac6/systemworkbench/plugins/fr.ac6.mcu.externaltools.arm-none.win32_1.16.0.201807130628/tools/compiler/bin/../lib/gcc/arm-none-eabi/7.2.1/../../../../arm-none-eabi/lib/thumb/v7-m\libc_nano.a(lib_a-nano-mallocr.o)
                              c:/ac6/systemworkbench/plugins/fr.ac6.mcu.externaltools.arm-none.win32_1.16.0.201807130628/tools/compiler/bin/../lib/gcc/arm-none-eabi/7.2.1/../../../../arm-none-eabi/lib/thumb/v7-m\libc_nano.a(lib_a-malloc.o) (_malloc_r)
c:/ac6/systemworkbench/plugins/fr.ac6.mcu.externaltools.arm-none.win32_1.16.0.201807130628/tools/compiler/bin/../lib/gcc/arm-none-eabi/7.2.1/../../../../arm-none-eabi/lib/thumb/v7-m\libc_nano.a(lib_a-sbrkr.o)
[...]
Memory Configuration

Name             Origin             Length             Attributes
RAM              0x20000000         0x00005000         xrw
FLASH            0x08000000         0x00010000         xr
*default*        0x00000000         0xffffffff

Linker script and memory map

LOAD c:/ac6/systemworkbench/plugins/fr.ac6.mcu.externaltools.arm-none.win32_1.16.0.201807130628/tools/compiler/bin/../lib/gcc/arm-none-eabi/7.2.1/thumb/v7-m/crti.o
LOAD c:/ac6/systemworkbench/plugins/fr.ac6.mcu.externaltools.arm-none.win32_1.16.0.201807130628/tools/compiler/bin/../lib/gcc/arm-none-eabi/7.2.1/thumb/v7-m/crtbegin.o
LOAD c:/ac6/systemworkbench/plugins/fr.ac6.mcu.externaltools.arm-none.win32_1.16.0.201807130628/tools/compiler/bin/../lib/gcc/arm-none-eabi/7.2.1/../../../../arm-none-eabi/lib/thumb/v7-m/crt0.o
LOAD Drivers/STM32F1xx_HAL_Driver/Src/stm32f1xx_hal.o
LOAD Drivers/STM32F1xx_HAL_Driver/Src/stm32f1xx_hal_adc.o
LOAD Drivers/STM32F1xx_HAL_Driver/Src/stm32f1xx_hal_adc_ex.o
LOAD Drivers/STM32F1xx_HAL_Driver/Src/stm32f1xx_hal_cortex.o
LOAD Drivers/STM32F1xx_HAL_Driver/Src/stm32f1xx_hal_dma.o
LOAD Drivers/STM32F1xx_HAL_Driver/Src/stm32f1xx_hal_flash.o
LOAD Drivers/STM32F1xx_HAL_Driver/Src/stm32f1xx_hal_flash_ex.o
LOAD Drivers/STM32F1xx_HAL_Driver/Src/stm32f1xx_hal_gpio.o
LOAD Drivers/STM32F1xx_HAL_Driver/Src/stm32f1xx_hal_gpio_ex.o
LOAD Drivers/STM32F1xx_HAL_Driver/Src/stm32f1xx_hal_pwr.o
LOAD Drivers/STM32F1xx_HAL_Driver/Src/stm32f1xx_hal_rcc.o
LOAD Drivers/STM32F1xx_HAL_Driver/Src/stm32f1xx_hal_rcc_ex.o
LOAD Drivers/STM32F1xx_HAL_Driver/Src/stm32f1xx_hal_tim.o
LOAD Drivers/STM32F1xx_HAL_Driver/Src/stm32f1xx_hal_tim_ex.o
LOAD Drivers/STM32F1xx_HAL_Driver/Src/stm32f1xx_hal_uart.o
LOAD Src/deepstomp.o
LOAD Src/deepstomp_delay.o
LOAD Src/deepstomp_distortion.o
LOAD Src/deepstomp_expansor.o
LOAD Src/deepstomp_modextension.o
LOAD Src/deepstomp_multieffect.o
LOAD Src/dstlib_dcremover.o
LOAD Src/dstlib_leveldetector.o
LOAD Src/main.o
LOAD Src/stm32f1xx_hal_msp.o
LOAD Src/stm32f1xx_it.o
LOAD Src/system_stm32f1xx.o
LOAD startup/startup_stm32f103xb.o
LOAD C:\PROJECTFILES\STM32WB\deepstomp\Lib\CMSIS\GCC\libarm_cortexM3l_math.a
LOAD c:/ac6/systemworkbench/plugins/fr.ac6.mcu.externaltools.arm-none.win32_1.16.0.201807130628/tools/compiler/bin/../lib/gcc/arm-none-eabi/7.2.1/../../../../arm-none-eabi/lib/thumb/v7-m\libm.a
START GROUP
LOAD c:/ac6/systemworkbench/plugins/fr.ac6.mcu.externaltools.arm-none.win32_1.16.0.201807130628/tools/compiler/bin/../lib/gcc/arm-none-eabi/7.2.1/thumb/v7-m\libgcc.a
LOAD c:/ac6/systemworkbench/plugins/fr.ac6.mcu.externaltools.arm-none.win32_1.16.0.201807130628/tools/compiler/bin/../lib/gcc/arm-none-eabi/7.2.1/../../../../arm-none-eabi/lib/thumb/v7-m\libc_nano.a
END GROUP
START GROUP
LOAD c:/ac6/systemworkbench/plugins/fr.ac6.mcu.externaltools.arm-none.win32_1.16.0.201807130628/tools/compiler/bin/../lib/gcc/arm-none-eabi/7.2.1/thumb/v7-m\libgcc.a
LOAD c:/ac6/systemworkbench/plugins/fr.ac6.mcu.externaltools.arm-none.win32_1.16.0.201807130628/tools/compiler/bin/../lib/gcc/arm-none-eabi/7.2.1/../../../../arm-none-eabi/lib/thumb/v7-m\libc_nano.a
LOAD c:/ac6/systemworkbench/plugins/fr.ac6.mcu.externaltools.arm-none.win32_1.16.0.201807130628/tools/compiler/bin/../lib/gcc/arm-none-eabi/7.2.1/../../../../arm-none-eabi/lib/thumb/v7-m\libnosys.a
END GROUP
START GROUP
LOAD c:/ac6/systemworkbench/plugins/fr.ac6.mcu.externaltools.arm-none.win32_1.16.0.201807130628/tools/compiler/bin/../lib/gcc/arm-none-eabi/7.2.1/thumb/v7-m\libgcc.a
LOAD c:/ac6/systemworkbench/plugins/fr.ac6.mcu.externaltools.arm-none.win32_1.16.0.201807130628/tools/compiler/bin/../lib/gcc/arm-none-eabi/7.2.1/../../../../arm-none-eabi/lib/thumb/v7-m\libc_nano.a
LOAD c:/ac6/systemworkbench/plugins/fr.ac6.mcu.externaltools.arm-none.win32_1.16.0.201807130628/tools/compiler/bin/../lib/gcc/arm-none-eabi/7.2.1/../../../../arm-none-eabi/lib/thumb/v7-m\libnosys.a
END GROUP
LOAD c:/ac6/systemworkbench/plugins/fr.ac6.mcu.externaltools.arm-none.win32_1.16.0.201807130628/tools/compiler/bin/../lib/gcc/arm-none-eabi/7.2.1/thumb/v7-m/crtend.o
LOAD c:/ac6/systemworkbench/plugins/fr.ac6.mcu.externaltools.arm-none.win32_1.16.0.201807130628/tools/compiler/bin/../lib/gcc/arm-none-eabi/7.2.1/thumb/v7-m/crtn.o
                0x20005000                _estack = 0x20005000
                0x00000200                _Min_Heap_Size = 0x200
                0x00000400                _Min_Stack_Size = 0x400

.isr_vector     0x08000000      0x10c
                0x08000000                . = ALIGN (0x4)
 *(.isr_vector)
 .isr_vector    0x08000000      0x10c startup/startup_stm32f103xb.o
                0x08000000                g_pfnVectors
                0x0800010c                . = ALIGN (0x4)

.text           0x0800010c     0x6da0
                0x0800010c                . = ALIGN (0x4)
 *(.text)
 .text          0x0800010c       0x40 c:/ac6/systemworkbench/plugins/fr.ac6.mcu.externaltools.arm-none.win32_1.16.0.201807130628/tools/compiler/bin/../lib/gcc/arm-none-eabi/7.2.1/thumb/v7-m/crtbegin.o
 .text          0x0800014c      0x378 c:/ac6/systemworkbench/plugins/fr.ac6.mcu.externaltools.arm-none.win32_1.16.0.201807130628/tools/compiler/bin/../lib/gcc/arm-none-eabi/7.2.1/thumb/v7-m\libgcc.a(_arm_addsubdf3.o)
                0x0800014c                __aeabi_drsub
                0x08000154                __aeabi_dsub
                0x08000154                __subdf3
                0x08000158                __aeabi_dadd
                0x08000158                __adddf3
                0x080003d0                __floatunsidf
                0x080003d0                __aeabi_ui2d
                0x080003f0                __floatsidf
                0x080003f0                __aeabi_i2d
                0x08000414                __aeabi_f2d
                0x08000414                __extendsfdf2
                0x08000458                __floatundidf
                0x08000458                __aeabi_ul2d
                0x08000468                __floatdidf
                0x08000468                __aeabi_l2d
 .text          0x080004c4       0x40 c:/ac6/systemworkbench/plugins/fr.ac6.mcu.externaltools.arm-none.win32_1.16.0.201807130628/tools/compiler/bin/../lib/gcc/arm-none-eabi/7.2.1/thumb/v7-m\libgcc.a(_arm_fixunsdfsi.o)
                0x080004c4                __aeabi_d2uiz
                0x080004c4                __fixunsdfsi
 .text          0x08000504      0x21c c:/ac6/systemworkbench/plugins/fr.ac6.mcu.externaltools.arm-none.win32_1.16.0.201807130628/tools/compiler/bin/../lib/gcc/arm-none-eabi/7.2.1/thumb/v7-m\libgcc.a(_arm_addsubsf3.o)
                0x08000504                __aeabi_frsub
                0x0800050c                __subsf3
                0x0800050c                __aeabi_fsub
                0x08000510                __aeabi_fadd
                0x08000510                __addsf3
                0x08000670                __aeabi_ui2f
                0x08000670                __floatunsisf
                0x08000678                __aeabi_i2f
                0x08000678                __floatsisf
                0x08000694                __aeabi_ul2f
                0x08000694                __floatundisf
                0x080006a4                __aeabi_l2f
                0x080006a4                __floatdisf
 .text          0x08000720      0x2a0 c:/ac6/systemworkbench/plugins/fr.ac6.mcu.externaltools.arm-none.win32_1.16.0.201807130628/tools/compiler/bin/../lib/gcc/arm-none-eabi/7.2.1/thumb/v7-m\libgcc.a(_arm_muldivsf3.o)
                0x08000720                __mulsf3
                0x08000720                __aeabi_fmul
                0x08000888                __aeabi_fdiv
                0x08000888                __divsf3
 .text          0x080009c0       0x10 c:/ac6/systemworkbench/plugins/fr.ac6.mcu.externaltools.arm-none.win32_1.16.0.201807130628/tools/compiler/bin/../lib/gcc/arm-none-eabi/7.2.1/../../../../arm-none-eabi/lib/thumb/v7-m\libc_nano.a(lib_a-strlen.o)
                0x080009c0                strlen
 *(.text*)
 .text.HAL_InitTick
                0x080009d0       0x48 Drivers/STM32F1xx_HAL_Driver/Src/stm32f1xx_hal.o
                0x080009d0                HAL_InitTick
 .text.HAL_Init
                0x08000a18       0x24 Drivers/STM32F1xx_HAL_Driver/Src/stm32f1xx_hal.o
                0x08000a18                HAL_Init
 .text.HAL_IncTick
                0x08000a3c       0x18 Drivers/STM32F1xx_HAL_Driver/Src/stm32f1xx_hal.o
                0x08000a3c                HAL_IncTick
 .text.HAL_GetTick
                0x08000a54        0xc Drivers/STM32F1xx_HAL_Driver/Src/stm32f1xx_hal.o
                0x08000a54                HAL_GetTick
 .text.HAL_Delay
                0x08000a60       0x28 Drivers/STM32F1xx_HAL_Driver/Src/stm32f1xx_hal.o
                0x08000a60                HAL_Delay
 .text.HAL_ADC_PollForConversion
                0x08000a88      0x170 Drivers/STM32F1xx_HAL_Driver/Src/stm32f1xx_hal_adc.o
                0x08000a88                HAL_ADC_PollForConversion
 .text.HAL_ADC_GetValue
                0x08000bf8        0x6 Drivers/STM32F1xx_HAL_Driver/Src/stm32f1xx_hal_adc.o
                0x08000bf8                HAL_ADC_GetValue
 .text.ADC_DMAConvCplt
                0x08000bfe       0x52 Drivers/STM32F1xx_HAL_Driver/Src/stm32f1xx_hal_adc.o
                0x08000bfe                ADC_DMAConvCplt
 .text.ADC_DMAHalfConvCplt
                0x08000c50        0xa Drivers/STM32F1xx_HAL_Driver/Src/stm32f1xx_hal_adc.o
                0x08000c50                ADC_DMAHalfConvCplt
 .text.HAL_ADC_ErrorCallback
                0x08000c5a        0x2 Drivers/STM32F1xx_HAL_Driver/Src/stm32f1xx_hal_adc.o
                0x08000c5a                HAL_ADC_ErrorCallback
 .text.ADC_DMAError
                0x08000c5c       0x1a Drivers/STM32F1xx_HAL_Driver/Src/stm32f1xx_hal_adc.o
                0x08000c5c                ADC_DMAError
 *fill*         0x08000c76        0x2 
 .text.HAL_ADC_ConfigChannel
                0x08000c78      0x138 Drivers/STM32F1xx_HAL_Driver/Src/stm32f1xx_hal_adc.o
                0x08000c78                HAL_ADC_ConfigChannel
 .text.ADC_Enable
                0x08000db0       0x80 Drivers/STM32F1xx_HAL_Driver/Src/stm32f1xx_hal_adc.o
                0x08000db0                ADC_Enable
 .text.HAL_ADC_Start
                0x08000e30       0xec Drivers/STM32F1xx_HAL_Driver/Src/stm32f1xx_hal_adc.o
                0x08000e30                HAL_ADC_Start
 .text.HAL_ADC_Start_DMA
                0x08000f1c      0x130 Drivers/STM32F1xx_HAL_Driver/Src/stm32f1xx_hal_adc.o
                0x08000f1c                HAL_ADC_Start_DMA
 .text.ADC_ConversionStop_Disable
                0x0800104c       0x4c Drivers/STM32F1xx_HAL_Driver/Src/stm32f1xx_hal_adc.o
                0x0800104c                ADC_ConversionStop_Disable
 .text.HAL_ADC_Init
                0x08001098      0x110 Drivers/STM32F1xx_HAL_Driver/Src/stm32f1xx_hal_adc.o
                0x08001098                HAL_ADC_Init
 .text.HAL_ADC_Stop
                0x080011a8       0x3a Drivers/STM32F1xx_HAL_Driver/Src/stm32f1xx_hal_adc.o
                0x080011a8                HAL_ADC_Stop
 *fill*         0x080011e2        0x2 
 .text.HAL_ADCEx_Calibration_Start
                0x080011e4       0xec Drivers/STM32F1xx_HAL_Driver/Src/stm32f1xx_hal_adc_ex.o
                0x080011e4                HAL_ADCEx_Calibration_Start
 .text.HAL_NVIC_SetPriorityGrouping
                0x080012d0       0x24 Drivers/STM32F1xx_HAL_Driver/Src/stm32f1xx_hal_cortex.o
                0x080012d0                HAL_NVIC_SetPriorityGrouping
 .text.HAL_NVIC_SetPriority
                0x080012f4       0x68 Drivers/STM32F1xx_HAL_Driver/Src/stm32f1xx_hal_cortex.o
                0x080012f4                HAL_NVIC_SetPriority
 .text.HAL_NVIC_EnableIRQ
                0x0800135c       0x18 Drivers/STM32F1xx_HAL_Driver/Src/stm32f1xx_hal_cortex.o
                0x0800135c                HAL_NVIC_EnableIRQ
 .text.HAL_SYSTICK_Config
                0x08001374       0x2c Drivers/STM32F1xx_HAL_Driver/Src/stm32f1xx_hal_cortex.o
                0x08001374                HAL_SYSTICK_Config
 .text.HAL_SYSTICK_CLKSourceConfig
                0x080013a0       0x20 Drivers/STM32F1xx_HAL_Driver/Src/stm32f1xx_hal_cortex.o
                0x080013a0                HAL_SYSTICK_CLKSourceConfig
 .text.HAL_SYSTICK_Callback
                0x080013c0        0x2 Drivers/STM32F1xx_HAL_Driver/Src/stm32f1xx_hal_cortex.o
                0x080013c0                HAL_SYSTICK_Callback
 .text.HAL_SYSTICK_IRQHandler
                0x080013c2        0x8 Drivers/STM32F1xx_HAL_Driver/Src/stm32f1xx_hal_cortex.o
                0x080013c2                HAL_SYSTICK_IRQHandler
 .text.DMA_SetConfig
                0x080013ca       0x2c Drivers/STM32F1xx_HAL_Driver/Src/stm32f1xx_hal_dma.o
 *fill*         0x080013f6        0x2 
 .text.HAL_DMA_Init
                0x080013f8       0x78 Drivers/STM32F1xx_HAL_Driver/Src/stm32f1xx_hal_dma.o
                0x080013f8                HAL_DMA_Init
 .text.HAL_DMA_Start_IT
                0x08001470       0x74 Drivers/STM32F1xx_HAL_Driver/Src/stm32f1xx_hal_dma.o
                0x08001470                HAL_DMA_Start_IT
 .text.HAL_DMA_Abort_IT
                0x080014e4       0x98 Drivers/STM32F1xx_HAL_Driver/Src/stm32f1xx_hal_dma.o
                0x080014e4                HAL_DMA_Abort_IT
 .text.HAL_DMA_IRQHandler
                0x0800157c      0x144 Drivers/STM32F1xx_HAL_Driver/Src/stm32f1xx_hal_dma.o
                0x0800157c                HAL_DMA_IRQHandler
 .text.FLASH_Program_HalfWord
                0x080016c0       0x1c Drivers/STM32F1xx_HAL_Driver/Src/stm32f1xx_hal_flash.o
 .text.FLASH_SetErrorCode
                0x080016dc       0x74 Drivers/STM32F1xx_HAL_Driver/Src/stm32f1xx_hal_flash.o
 .text.HAL_FLASH_Unlock
                0x08001750       0x34 Drivers/STM32F1xx_HAL_Driver/Src/stm32f1xx_hal_flash.o
                0x08001750                HAL_FLASH_Unlock
 .text.HAL_FLASH_Lock
                0x08001784       0x14 Drivers/STM32F1xx_HAL_Driver/Src/stm32f1xx_hal_flash.o
                0x08001784                HAL_FLASH_Lock
 .text.FLASH_WaitForLastOperation
                0x08001798       0x6c Drivers/STM32F1xx_HAL_Driver/Src/stm32f1xx_hal_flash.o
                0x08001798                FLASH_WaitForLastOperation
 .text.HAL_FLASH_Program
                0x08001804       0x9c Drivers/STM32F1xx_HAL_Driver/Src/stm32f1xx_hal_flash.o
                0x08001804                HAL_FLASH_Program
 .text.FLASH_MassErase
                0x080018a0       0x24 Drivers/STM32F1xx_HAL_Driver/Src/stm32f1xx_hal_flash_ex.o
 .text.FLASH_PageErase
                0x080018c4       0x24 Drivers/STM32F1xx_HAL_Driver/Src/stm32f1xx_hal_flash_ex.o
                0x080018c4                FLASH_PageErase
 .text.HAL_FLASHEx_Erase
                0x080018e8       0xa4 Drivers/STM32F1xx_HAL_Driver/Src/stm32f1xx_hal_flash_ex.o
                0x080018e8                HAL_FLASHEx_Erase
 .text.HAL_GPIO_Init
                0x0800198c      0x1d4 Drivers/STM32F1xx_HAL_Driver/Src/stm32f1xx_hal_gpio.o
                0x0800198c                HAL_GPIO_Init
 .text.HAL_GPIO_ReadPin
                0x08001b60        0xe Drivers/STM32F1xx_HAL_Driver/Src/stm32f1xx_hal_gpio.o
                0x08001b60                HAL_GPIO_ReadPin
 .text.HAL_GPIO_WritePin
                0x08001b6e        0xc Drivers/STM32F1xx_HAL_Driver/Src/stm32f1xx_hal_gpio.o
                0x08001b6e                HAL_GPIO_WritePin
 *fill*         0x08001b7a        0x2 
 .text.RCC_Delay
                0x08001b7c       0x2c Drivers/STM32F1xx_HAL_Driver/Src/stm32f1xx_hal_rcc.o
 .text.HAL_RCC_OscConfig
                0x08001ba8      0x3dc Drivers/STM32F1xx_HAL_Driver/Src/stm32f1xx_hal_rcc.o
                0x08001ba8                HAL_RCC_OscConfig
 .text.HAL_RCC_GetSysClockFreq
                0x08001f84       0x70 Drivers/STM32F1xx_HAL_Driver/Src/stm32f1xx_hal_rcc.o
                0x08001f84                HAL_RCC_GetSysClockFreq
 .text.HAL_RCC_ClockConfig
                0x08001ff4      0x178 Drivers/STM32F1xx_HAL_Driver/Src/stm32f1xx_hal_rcc.o
                0x08001ff4                HAL_RCC_ClockConfig
 .text.HAL_RCC_GetHCLKFreq
                0x0800216c        0xc Drivers/STM32F1xx_HAL_Driver/Src/stm32f1xx_hal_rcc.o
                0x0800216c                HAL_RCC_GetHCLKFreq
 .text.HAL_RCC_GetPCLK1Freq
                0x08002178       0x20 Drivers/STM32F1xx_HAL_Driver/Src/stm32f1xx_hal_rcc.o
                0x08002178                HAL_RCC_GetPCLK1Freq
 .text.HAL_RCC_GetPCLK2Freq
                0x08002198       0x20 Drivers/STM32F1xx_HAL_Driver/Src/stm32f1xx_hal_rcc.o
                0x08002198                HAL_RCC_GetPCLK2Freq
 .text.HAL_RCCEx_PeriphCLKConfig
                0x080021b8      0x114 Drivers/STM32F1xx_HAL_Driver/Src/stm32f1xx_hal_rcc_ex.o
                0x080021b8                HAL_RCCEx_PeriphCLKConfig
 .text.HAL_RCCEx_GetPeriphCLKFreq
                0x080022cc       0xfc Drivers/STM32F1xx_HAL_Driver/Src/stm32f1xx_hal_rcc_ex.o
                0x080022cc                HAL_RCCEx_GetPeriphCLKFreq
 .text.TIM_OC1_SetConfig
                0x080023c8       0x5c Drivers/STM32F1xx_HAL_Driver/Src/stm32f1xx_hal_tim.o
 .text.TIM_OC3_SetConfig
                0x08002424       0x64 Drivers/STM32F1xx_HAL_Driver/Src/stm32f1xx_hal_tim.o
 .text.TIM_OC4_SetConfig
                0x08002488       0x48 Drivers/STM32F1xx_HAL_Driver/Src/stm32f1xx_hal_tim.o
 .text.TIM_TI1_ConfigInputStage
                0x080024d0       0x24 Drivers/STM32F1xx_HAL_Driver/Src/stm32f1xx_hal_tim.o
 .text.TIM_TI2_ConfigInputStage
                0x080024f4       0x26 Drivers/STM32F1xx_HAL_Driver/Src/stm32f1xx_hal_tim.o
 .text.TIM_ITRx_SetConfig
                0x0800251a       0x10 Drivers/STM32F1xx_HAL_Driver/Src/stm32f1xx_hal_tim.o
 .text.TIM_ETR_SetConfig
                0x0800252a       0x16 Drivers/STM32F1xx_HAL_Driver/Src/stm32f1xx_hal_tim.o
 .text.HAL_TIM_Base_Start
                0x08002540       0x1a Drivers/STM32F1xx_HAL_Driver/Src/stm32f1xx_hal_tim.o
                0x08002540                HAL_TIM_Base_Start
 .text.HAL_TIM_ConfigClockSource
                0x0800255a      0x108 Drivers/STM32F1xx_HAL_Driver/Src/stm32f1xx_hal_tim.o
                0x0800255a                HAL_TIM_ConfigClockSource
 *fill*         0x08002662        0x2 
 .text.TIM_Base_SetConfig
                0x08002664       0x74 Drivers/STM32F1xx_HAL_Driver/Src/stm32f1xx_hal_tim.o
                0x08002664                TIM_Base_SetConfig
 .text.HAL_TIM_Base_Init
                0x080026d8       0x32 Drivers/STM32F1xx_HAL_Driver/Src/stm32f1xx_hal_tim.o
                0x080026d8                HAL_TIM_Base_Init
 .text.HAL_TIM_PWM_Init
                0x0800270a       0x32 Drivers/STM32F1xx_HAL_Driver/Src/stm32f1xx_hal_tim.o
                0x0800270a                HAL_TIM_PWM_Init
 .text.TIM_OC2_SetConfig
                0x0800273c       0x64 Drivers/STM32F1xx_HAL_Driver/Src/stm32f1xx_hal_tim.o
                0x0800273c                TIM_OC2_SetConfig
 .text.HAL_TIM_PWM_ConfigChannel
                0x080027a0       0xdc Drivers/STM32F1xx_HAL_Driver/Src/stm32f1xx_hal_tim.o
                0x080027a0                HAL_TIM_PWM_ConfigChannel
 .text.TIM_CCxChannelCmd
                0x0800287c       0x1c Drivers/STM32F1xx_HAL_Driver/Src/stm32f1xx_hal_tim.o
                0x0800287c                TIM_CCxChannelCmd
 .text.HAL_TIM_PWM_Start
                0x08002898       0x30 Drivers/STM32F1xx_HAL_Driver/Src/stm32f1xx_hal_tim.o
                0x08002898                HAL_TIM_PWM_Start
 .text.HAL_TIMEx_MasterConfigSynchronization
                0x080028c8       0x52 Drivers/STM32F1xx_HAL_Driver/Src/stm32f1xx_hal_tim_ex.o
                0x080028c8                HAL_TIMEx_MasterConfigSynchronization
 .text.UART_EndTxTransfer
                0x0800291a       0x12 Drivers/STM32F1xx_HAL_Driver/Src/stm32f1xx_hal_uart.o
 .text.UART_EndRxTransfer
                0x0800292c       0x1c Drivers/STM32F1xx_HAL_Driver/Src/stm32f1xx_hal_uart.o
 .text.UART_Transmit_IT
                0x08002948       0x68 Drivers/STM32F1xx_HAL_Driver/Src/stm32f1xx_hal_uart.o
 .text.UART_SetConfig
                0x080029b0      0x1ac Drivers/STM32F1xx_HAL_Driver/Src/stm32f1xx_hal_uart.o
 .text.HAL_UART_Init
                0x08002b5c       0x5e Drivers/STM32F1xx_HAL_Driver/Src/stm32f1xx_hal_uart.o
                0x08002b5c                HAL_UART_Init
 *fill*         0x08002bba        0x2 
 .text.HAL_UART_Transmit_DMA
                0x08002bbc       0x8c Drivers/STM32F1xx_HAL_Driver/Src/stm32f1xx_hal_uart.o
                0x08002bbc                HAL_UART_Transmit_DMA
 .text.UART_DMATransmitCplt
                0x08002c48       0x30 Drivers/STM32F1xx_HAL_Driver/Src/stm32f1xx_hal_uart.o
 .text.UART_EndTransmit_IT
                0x08002c78       0x1a Drivers/STM32F1xx_HAL_Driver/Src/stm32f1xx_hal_uart.o
 .text.HAL_UART_TxHalfCpltCallback
                0x08002c92        0x2 Drivers/STM32F1xx_HAL_Driver/Src/stm32f1xx_hal_uart.o
                0x08002c92                HAL_UART_TxHalfCpltCallback
 .text.UART_DMATxHalfCplt
                0x08002c94        0xa Drivers/STM32F1xx_HAL_Driver/Src/stm32f1xx_hal_uart.o
 .text.HAL_UART_RxCpltCallback
                0x08002c9e        0x2 Drivers/STM32F1xx_HAL_Driver/Src/stm32f1xx_hal_uart.o
                0x08002c9e                HAL_UART_RxCpltCallback
 .text.UART_Receive_IT
                0x08002ca0       0x9c Drivers/STM32F1xx_HAL_Driver/Src/stm32f1xx_hal_uart.o
 .text.HAL_UART_ErrorCallback
                0x08002d3c        0x2 Drivers/STM32F1xx_HAL_Driver/Src/stm32f1xx_hal_uart.o
                0x08002d3c                HAL_UART_ErrorCallback
 .text.UART_DMAError
                0x08002d3e       0x58 Drivers/STM32F1xx_HAL_Driver/Src/stm32f1xx_hal_uart.o
 *fill*         0x08002d96        0x2 
 .text.HAL_UART_IRQHandler
                0x08002d98      0x120 Drivers/STM32F1xx_HAL_Driver/Src/stm32f1xx_hal_uart.o
                0x08002d98                HAL_UART_IRQHandler
 .text.UART_DMAAbortOnError
                0x08002eb8       0x10 Drivers/STM32F1xx_HAL_Driver/Src/stm32f1xx_hal_uart.o
 .text.deepstomp_modulesetup
                0x08002ec8       0x2c Src/deepstomp.o
                0x08002ec8                deepstomp_modulesetup
 .text.deepstomp_process
                0x08002ef4       0x14 Src/deepstomp.o
                0x08002ef4                deepstomp_process
 .text.setdelay
                0x08002f08       0x1a Src/deepstomp_delay.o
 .text.setfeedback
                0x08002f22       0x1e Src/deepstomp_delay.o
 .text.setbalance
                0x08002f40       0x2c Src/deepstomp_delay.o
 .text.delayline
                0x08002f6c       0x78 Src/deepstomp_delay.o
 .text.process  0x08002fe4       0x60 Src/deepstomp_delay.o
 .text.delay_setup
                0x08003044       0xac Src/deepstomp_delay.o
                0x08003044                delay_setup
 .text.toneprocess
                0x080030f0       0x8c Src/deepstomp_distortion.o
 .text.setdistortion
                0x0800317c       0x1c Src/deepstomp_distortion.o
 .text.settype  0x08003198       0x28 Src/deepstomp_distortion.o
 .text.settone  0x080031c0       0x14 Src/deepstomp_distortion.o
 .text.process  0x080031d4      0x118 Src/deepstomp_distortion.o
 .text.distortion_setup
                0x080032ec       0x98 Src/deepstomp_distortion.o
                0x080032ec                distortion_setup
 .text.levelfilter
                0x08003384       0x4c Src/deepstomp_expansor.o
 .text.setcompstart
                0x080033d0       0x4c Src/deepstomp_expansor.o
 .text.setonlevel
                0x0800341c       0x44 Src/deepstomp_expansor.o
 .text.setofflevel
                0x08003460       0x44 Src/deepstomp_expansor.o
 .text.setcompression
                0x080034a4       0x2c Src/deepstomp_expansor.o
 .text.setcompattack
                0x080034d0       0x12 Src/deepstomp_expansor.o
 .text.setcomprelease
                0x080034e2       0x12 Src/deepstomp_expansor.o
 .text.process  0x080034f4      0x13c Src/deepstomp_expansor.o
 .text.expansor_setup
                0x08003630       0xf0 Src/deepstomp_expansor.o
                0x08003630                expansor_setup
 .text.control1change
                0x08003720       0x12 Src/deepstomp_modextension.o
 .text.control2change
                0x08003732       0x14 Src/deepstomp_modextension.o
 *fill*         0x08003746        0x2 
 .text.modextension_setup
                0x08003748       0x74 Src/deepstomp_modextension.o
                0x08003748                modextension_setup
 .text.process  0x080037bc       0x38 Src/deepstomp_multieffect.o
 .text.multieffect_setup
                0x080037f4       0x88 Src/deepstomp_multieffect.o
                0x080037f4                multieffect_setup
 .text.dst_dcremover_create
                0x0800387c       0x1a Src/dstlib_dcremover.o
                0x0800387c                dst_dcremover_create
 .text.dst_dcremover_process
                0x08003896       0x28 Src/dstlib_dcremover.o
                0x08003896                dst_dcremover_process
 .text.dst_leveldetector_create
                0x080038be       0x1e Src/dstlib_leveldetector.o
                0x080038be                dst_leveldetector_create
 .text.dst_leveldetector_process
                0x080038dc       0x66 Src/dstlib_leveldetector.o
                0x080038dc                dst_leveldetector_process
 *fill*         0x08003942        0x2 
 .text.antialiasing
                0x08003944       0x58 Src/main.o
 .text.initantialiasing
                0x0800399c       0x20 Src/main.o
 .text.multieffectpresetchange
                0x080039bc       0x60 Src/main.o
 .text.multieffectmodulechange
                0x08003a1c       0x50 Src/main.o
 .text.generatecalsignal
                0x08003a6c       0x48 Src/main.o
 .text.runcalibrationdisplay
                0x08003ab4      0x16c Src/main.o
 .text.errorhalt
                0x08003c20       0xb4 Src/main.o
 .text.errorblink
                0x08003cd4       0xb0 Src/main.o
 .text.MX_GPIO_Init
                0x08003d84       0xe0 Src/main.o
 .text.MX_DMA_Init
                0x08003e64       0x44 Src/main.o
 .text.MX_ADC1_Init
                0x08003ea8       0xa8 Src/main.o
 .text.MX_ADC2_Init
                0x08003f50       0x44 Src/main.o
 .text.MX_TIM3_Init
                0x08003f94       0x4c Src/main.o
 .text.MX_TIM1_Init
                0x08003fe0       0x4c Src/main.o
 .text.MX_USART1_UART_Init
                0x0800402c       0x2c Src/main.o
 .text.MX_TIM4_Init
                0x08004058       0x6c Src/main.o
 .text.MX_TIM2_Init
                0x080040c4       0x54 Src/main.o
 .text.debugdisplay
                0x08004118       0x44 Src/main.o
 .text.debugmonitor_init
                0x0800415c       0xe8 Src/main.o
 .text.runstoragewrite
                0x08004244       0xf4 Src/main.o
 .text.tuner_init
                0x08004338       0x38 Src/main.o
                0x08004338                tuner_init
 .text.tuner_detectpeak
                0x08004370       0xfc Src/main.o
                0x08004370                tuner_detectpeak
 .text.tuner_fillnotebins
                0x0800446c       0xe0 Src/main.o
                0x0800446c                tuner_fillnotebins
 .text.debugSetVar
                0x0800454c       0x24 Src/main.o
                0x0800454c                debugSetVar
 .text.tuner_run
                0x08004570      0x1a8 Src/main.o
                0x08004570                tuner_run
 .text.adccal_init
                0x08004718       0x38 Src/main.o
                0x08004718                adccal_init
 .text.loadfromstorage
                0x08004750       0x64 Src/main.o
                0x08004750                loadfromstorage
 .text.writetostorage
                0x080047b4       0x10 Src/main.o
                0x080047b4                writetostorage
 .text.readrotsw
                0x080047c4       0x10 Src/main.o
                0x080047c4                readrotsw
 .text.readrotp0
                0x080047d4       0x14 Src/main.o
                0x080047d4                readrotp0
 .text.readrotp1
                0x080047e8       0x14 Src/main.o
                0x080047e8                readrotp1
 .text.rotscan  0x080047fc       0xbc Src/main.o
                0x080047fc                rotscan
 .text.rotencode
                0x080048b8      0x24c Src/main.o
                0x080048b8                rotencode
 .text.HAL_ADC_ConvCpltCallback
                0x08004b04      0x19c Src/main.o
                0x08004b04                HAL_ADC_ConvCpltCallback
 .text.HAL_ADC_ConvHalfCpltCallback
                0x08004ca0      0x190 Src/main.o
                0x08004ca0                HAL_ADC_ConvHalfCpltCallback
 .text.HAL_UART_TxCpltCallback
                0x08004e30       0x2c Src/main.o
                0x08004e30                HAL_UART_TxCpltCallback
 .text.createleveprobe
                0x08004e5c       0x58 Src/main.o
                0x08004e5c                createleveprobe
 .text.debugmonitor_run
                0x08004eb4      0x2d4 Src/main.o
 .text.readcalinput
                0x08005188       0x3c Src/main.o
                0x08005188                readcalinput
 .text.calibratepwm
                0x080051c4      0x130 Src/main.o
                0x080051c4                calibratepwm
 .text.displaybar
                0x080052f4      0x234 Src/main.o
                0x080052f4                displaybar
 .text.animatebar
                0x08005528      0x18c Src/main.o
                0x08005528                animatebar
 .text.indiblink
                0x080056b4       0xe0 Src/main.o
                0x080056b4                indiblink
 .text.indishowselect
                0x08005794       0x14 Src/main.o
                0x08005794                indishowselect
 .text.indishowedit
                0x080057a8       0x14 Src/main.o
                0x080057a8                indishowedit
 .text.indishowbutton
                0x080057bc       0x10 Src/main.o
                0x080057bc                indishowbutton
 .text.on_editenter
                0x080057cc       0x18 Src/main.o
                0x080057cc                on_editenter
 .text.on_editexit
                0x080057e4      0x198 Src/main.o
                0x080057e4                on_editexit
 .text.menu     0x0800597c      0x318 Src/main.o
                0x0800597c                menu
 .text.SystemClock_Config
                0x08005c94       0x78 Src/main.o
                0x08005c94                SystemClock_Config
 .text.main     0x08005d0c      0x370 Src/main.o
                0x08005d0c                main
 .text._Error_Handler
                0x0800607c        0x2 Src/main.o
                0x0800607c                _Error_Handler
 *fill*         0x0800607e        0x2 
 .text.HAL_MspInit
                0x08006080       0x90 Src/stm32f1xx_hal_msp.o
                0x08006080                HAL_MspInit
 .text.HAL_ADC_MspInit
                0x08006110       0xc0 Src/stm32f1xx_hal_msp.o
                0x08006110                HAL_ADC_MspInit
 .text.HAL_TIM_Base_MspInit
                0x080061d0       0x6c Src/stm32f1xx_hal_msp.o
                0x080061d0                HAL_TIM_Base_MspInit
 .text.HAL_TIM_PWM_MspInit
                0x0800623c       0x26 Src/stm32f1xx_hal_msp.o
                0x0800623c                HAL_TIM_PWM_MspInit
 *fill*         0x08006262        0x2 
 .text.HAL_TIM_MspPostInit
                0x08006264       0x64 Src/stm32f1xx_hal_msp.o
                0x08006264                HAL_TIM_MspPostInit
 .text.HAL_UART_MspInit
                0x080062c8       0xb0 Src/stm32f1xx_hal_msp.o
                0x080062c8                HAL_UART_MspInit
 .text.NMI_Handler
                0x08006378        0x2 Src/stm32f1xx_it.o
                0x08006378                NMI_Handler
 .text.HardFault_Handler
                0x0800637a        0x2 Src/stm32f1xx_it.o
                0x0800637a                HardFault_Handler
 .text.MemManage_Handler
                0x0800637c        0x2 Src/stm32f1xx_it.o
                0x0800637c                MemManage_Handler
 .text.BusFault_Handler
                0x0800637e        0x2 Src/stm32f1xx_it.o
                0x0800637e                BusFault_Handler
 .text.UsageFault_Handler
                0x08006380        0x2 Src/stm32f1xx_it.o
                0x08006380                UsageFault_Handler
 .text.SVC_Handler
                0x08006382        0x2 Src/stm32f1xx_it.o
                0x08006382                SVC_Handler
 .text.DebugMon_Handler
                0x08006384        0x2 Src/stm32f1xx_it.o
                0x08006384                DebugMon_Handler
 .text.PendSV_Handler
                0x08006386        0x2 Src/stm32f1xx_it.o
                0x08006386                PendSV_Handler
 .text.SysTick_Handler
                0x08006388        0xc Src/stm32f1xx_it.o
                0x08006388                SysTick_Handler
 .text.DMA1_Channel1_IRQHandler
                0x08006394       0x10 Src/stm32f1xx_it.o
                0x08006394                DMA1_Channel1_IRQHandler
 .text.DMA1_Channel4_IRQHandler
                0x080063a4       0x10 Src/stm32f1xx_it.o
                0x080063a4                DMA1_Channel4_IRQHandler
 .text.USART1_IRQHandler
                0x080063b4       0x10 Src/stm32f1xx_it.o
                0x080063b4                USART1_IRQHandler
 .text.SystemInit
                0x080063c4       0x4c Src/system_stm32f1xx.o
                0x080063c4                SystemInit
 .text.Reset_Handler
                0x08006410       0x48 startup/startup_stm32f103xb.o
                0x08006410                Reset_Handler
 .text.Default_Handler
                0x08006458        0x2 startup/startup_stm32f103xb.o
                0x08006458                RTC_Alarm_IRQHandler
                0x08006458                EXTI2_IRQHandler
                0x08006458                TIM1_CC_IRQHandler
                0x08006458                PVD_IRQHandler
                0x08006458                EXTI3_IRQHandler
                0x08006458                EXTI0_IRQHandler
                0x08006458                I2C2_EV_IRQHandler
                0x08006458                ADC1_2_IRQHandler
                0x08006458                SPI1_IRQHandler
                0x08006458                TAMPER_IRQHandler
                0x08006458                USART3_IRQHandler
                0x08006458                RTC_IRQHandler
                0x08006458                DMA1_Channel7_IRQHandler
                0x08006458                CAN1_RX1_IRQHandler
                0x08006458                TIM4_IRQHandler
                0x08006458                I2C1_EV_IRQHandler
                0x08006458                DMA1_Channel6_IRQHandler
                0x08006458                TIM3_IRQHandler
                0x08006458                RCC_IRQHandler
                0x08006458                TIM1_TRG_COM_IRQHandler
                0x08006458                Default_Handler
                0x08006458                EXTI15_10_IRQHandler
                0x08006458                EXTI9_5_IRQHandler
                0x08006458                SPI2_IRQHandler
                0x08006458                DMA1_Channel5_IRQHandler
                0x08006458                EXTI4_IRQHandler
                0x08006458                USB_LP_CAN1_RX0_IRQHandler
                0x08006458                USB_HP_CAN1_TX_IRQHandler
                0x08006458                DMA1_Channel3_IRQHandler
                0x08006458                TIM1_UP_IRQHandler
                0x08006458                WWDG_IRQHandler
                0x08006458                TIM2_IRQHandler
                0x08006458                TIM1_BRK_IRQHandler
                0x08006458                EXTI1_IRQHandler
                0x08006458                USART2_IRQHandler
                0x08006458                I2C2_ER_IRQHandler
                0x08006458                DMA1_Channel2_IRQHandler
                0x08006458                CAN1_SCE_IRQHandler
                0x08006458                FLASH_IRQHandler
                0x08006458                I2C1_ER_IRQHandler
                0x08006458                USBWakeUp_IRQHandler
 *fill*         0x0800645a        0x2 
 .text.arm_abs_q15
                0x0800645c       0xb4 C:\PROJECTFILES\STM32WB\deepstomp\Lib\CMSIS\GCC\libarm_cortexM3l_math.a(arm_abs_q15.o)
                0x0800645c                arm_abs_q15
 .text.round    0x08006510       0x9c c:/ac6/systemworkbench/plugins/fr.ac6.mcu.externaltools.arm-none.win32_1.16.0.201807130628/tools/compiler/bin/../lib/gcc/arm-none-eabi/7.2.1/../../../../arm-none-eabi/lib/thumb/v7-m\libm.a(lib_a-s_round.o)
                0x08006510                round
 .text.__libc_init_array
                0x080065ac       0x48 c:/ac6/systemworkbench/plugins/fr.ac6.mcu.externaltools.arm-none.win32_1.16.0.201807130628/tools/compiler/bin/../lib/gcc/arm-none-eabi/7.2.1/../../../../arm-none-eabi/lib/thumb/v7-m\libc_nano.a(lib_a-init.o)
                0x080065ac                __libc_init_array
 .text.malloc   0x080065f4       0x10 c:/ac6/systemworkbench/plugins/fr.ac6.mcu.externaltools.arm-none.win32_1.16.0.201807130628/tools/compiler/bin/../lib/gcc/arm-none-eabi/7.2.1/../../../../arm-none-eabi/lib/thumb/v7-m\libc_nano.a(lib_a-malloc.o)
                0x080065f4                malloc
 .text._free_r  0x08006604       0x98 c:/ac6/systemworkbench/plugins/fr.ac6.mcu.externaltools.arm-none.win32_1.16.0.201807130628/tools/compiler/bin/../lib/gcc/arm-none-eabi/7.2.1/../../../../arm-none-eabi/lib/thumb/v7-m\libc_nano.a(lib_a-nano-freer.o)
                0x08006604                _free_r
 .text._malloc_r
                0x0800669c       0xb4 c:/ac6/systemworkbench/plugins/fr.ac6.mcu.externaltools.arm-none.win32_1.16.0.201807130628/tools/compiler/bin/../lib/gcc/arm-none-eabi/7.2.1/../../../../arm-none-eabi/lib/thumb/v7-m\libc_nano.a(lib_a-nano-mallocr.o)
                0x0800669c                _malloc_r
 .text._sbrk_r  0x08006750       0x20 c:/ac6/systemworkbench/plugins/fr.ac6.mcu.externaltools.arm-none.win32_1.16.0.201807130628/tools/compiler/bin/../lib/gcc/arm-none-eabi/7.2.1/../../../../arm-none-eabi/lib/thumb/v7-m\libc_nano.a(lib_a-sbrkr.o)
                0x08006750                _sbrk_r
 .text.snprintf
                0x08006770       0x68 c:/ac6/systemworkbench/plugins/fr.ac6.mcu.externaltools.arm-none.win32_1.16.0.201807130628/tools/compiler/bin/../lib/gcc/arm-none-eabi/7.2.1/../../../../arm-none-eabi/lib/thumb/v7-m\libc_nano.a(lib_a-snprintf.o)
                0x08006770                sniprintf
                0x08006770                snprintf
 .text.strncpy  0x080067d8       0x2a c:/ac6/systemworkbench/plugins/fr.ac6.mcu.externaltools.arm-none.win32_1.16.0.201807130628/tools/compiler/bin/../lib/gcc/arm-none-eabi/7.2.1/../../../../arm-none-eabi/lib/thumb/v7-m\libc_nano.a(lib_a-strncpy.o)
                0x080067d8                strncpy
 .text.__malloc_lock
                0x08006802        0x2 c:/ac6/systemworkbench/plugins/fr.ac6.mcu.externaltools.arm-none.win32_1.16.0.201807130628/tools/compiler/bin/../lib/gcc/arm-none-eabi/7.2.1/../../../../arm-none-eabi/lib/thumb/v7-m\libc_nano.a(lib_a-mlock.o)
                0x08006802                __malloc_lock
 .text.__malloc_unlock
                0x08006804        0x2 c:/ac6/systemworkbench/plugins/fr.ac6.mcu.externaltools.arm-none.win32_1.16.0.201807130628/tools/compiler/bin/../lib/gcc/arm-none-eabi/7.2.1/../../../../arm-none-eabi/lib/thumb/v7-m\libc_nano.a(lib_a-mlock.o)
                0x08006804                __malloc_unlock
 .text.__ssputs_r
                0x08006806       0xb4 c:/ac6/systemworkbench/plugins/fr.ac6.mcu.externaltools.arm-none.win32_1.16.0.201807130628/tools/compiler/bin/../lib/gcc/arm-none-eabi/7.2.1/../../../../arm-none-eabi/lib/thumb/v7-m\libc_nano.a(lib_a-nano-svfprintf.o)
                0x08006806                __ssputs_r
 *fill*         0x080068ba        0x2 
 .text._svfprintf_r
                0x080068bc      0x1ec c:/ac6/systemworkbench/plugins/fr.ac6.mcu.externaltools.arm-none.win32_1.16.0.201807130628/tools/compiler/bin/../lib/gcc/arm-none-eabi/7.2.1/../../../../arm-none-eabi/lib/thumb/v7-m\libc_nano.a(lib_a-nano-svfprintf.o)
                0x080068bc                _svfiprintf_r
                0x080068bc                _svfprintf_r
 .text._printf_common
                0x08006aa8       0xec c:/ac6/systemworkbench/plugins/fr.ac6.mcu.externaltools.arm-none.win32_1.16.0.201807130628/tools/compiler/bin/../lib/gcc/arm-none-eabi/7.2.1/../../../../arm-none-eabi/lib/thumb/v7-m\libc_nano.a(lib_a-nano-vfprintf_i.o)
                0x08006aa8                _printf_common
 .text._printf_i
                0x08006b94      0x224 c:/ac6/systemworkbench/plugins/fr.ac6.mcu.externaltools.arm-none.win32_1.16.0.201807130628/tools/compiler/bin/../lib/gcc/arm-none-eabi/7.2.1/../../../../arm-none-eabi/lib/thumb/v7-m\libc_nano.a(lib_a-nano-vfprintf_i.o)
                0x08006b94                _printf_i
 .text.memchr   0x08006db8       0x1c c:/ac6/systemworkbench/plugins/fr.ac6.mcu.externaltools.arm-none.win32_1.16.0.201807130628/tools/compiler/bin/../lib/gcc/arm-none-eabi/7.2.1/../../../../arm-none-eabi/lib/thumb/v7-m\libc_nano.a(lib_a-memchr-stub.o)
                0x08006db8                memchr
 .text.memcpy   0x08006dd4       0x16 c:/ac6/systemworkbench/plugins/fr.ac6.mcu.externaltools.arm-none.win32_1.16.0.201807130628/tools/compiler/bin/../lib/gcc/arm-none-eabi/7.2.1/../../../../arm-none-eabi/lib/thumb/v7-m\libc_nano.a(lib_a-memcpy-stub.o)
                0x08006dd4                memcpy
 .text.memmove  0x08006dea       0x32 c:/ac6/systemworkbench/plugins/fr.ac6.mcu.externaltools.arm-none.win32_1.16.0.201807130628/tools/compiler/bin/../lib/gcc/arm-none-eabi/7.2.1/../../../../arm-none-eabi/lib/thumb/v7-m\libc_nano.a(lib_a-memmove.o)
                0x08006dea                memmove
 .text._realloc_r
                0x08006e1c       0x4c c:/ac6/systemworkbench/plugins/fr.ac6.mcu.externaltools.arm-none.win32_1.16.0.201807130628/tools/compiler/bin/../lib/gcc/arm-none-eabi/7.2.1/../../../../arm-none-eabi/lib/thumb/v7-m\libc_nano.a(lib_a-nano-reallocr.o)
                0x08006e1c                _realloc_r
 .text._malloc_usable_size_r
                0x08006e68       0x10 c:/ac6/systemworkbench/plugins/fr.ac6.mcu.externaltools.arm-none.win32_1.16.0.201807130628/tools/compiler/bin/../lib/gcc/arm-none-eabi/7.2.1/../../../../arm-none-eabi/lib/thumb/v7-m\libc_nano.a(lib_a-nano-msizer.o)
                0x08006e68                _malloc_usable_size_r
 .text._sbrk    0x08006e78       0x1c c:/ac6/systemworkbench/plugins/fr.ac6.mcu.externaltools.arm-none.win32_1.16.0.201807130628/tools/compiler/bin/../lib/gcc/arm-none-eabi/7.2.1/../../../../arm-none-eabi/lib/thumb/v7-m\libnosys.a(sbrk.o)
                0x08006e78                _sbrk
 *(.glue_7)
 .glue_7        0x08006e94        0x0 linker stubs
 *(.glue_7t)
 .glue_7t       0x08006e94        0x0 linker stubs
 *(.eh_frame)
 .eh_frame      0x08006e94        0x0 c:/ac6/systemworkbench/plugins/fr.ac6.mcu.externaltools.arm-none.win32_1.16.0.201807130628/tools/compiler/bin/../lib/gcc/arm-none-eabi/7.2.1/thumb/v7-m/crtbegin.o
 *(.init)
 .init          0x08006e94        0x4 c:/ac6/systemworkbench/plugins/fr.ac6.mcu.externaltools.arm-none.win32_1.16.0.201807130628/tools/compiler/bin/../lib/gcc/arm-none-eabi/7.2.1/thumb/v7-m/crti.o
                0x08006e94                _init
 .init          0x08006e98        0x8 c:/ac6/systemworkbench/plugins/fr.ac6.mcu.externaltools.arm-none.win32_1.16.0.201807130628/tools/compiler/bin/../lib/gcc/arm-none-eabi/7.2.1/thumb/v7-m/crtn.o
 *(.fini)
 .fini          0x08006ea0        0x4 c:/ac6/systemworkbench/plugins/fr.ac6.mcu.externaltools.arm-none.win32_1.16.0.201807130628/tools/compiler/bin/../lib/gcc/arm-none-eabi/7.2.1/thumb/v7-m/crti.o
                0x08006ea0                _fini
 .fini          0x08006ea4        0x8 c:/ac6/systemworkbench/plugins/fr.ac6.mcu.externaltools.arm-none.win32_1.16.0.201807130628/tools/compiler/bin/../lib/gcc/arm-none-eabi/7.2.1/thumb/v7-m/crtn.o
                0x08006eac                . = ALIGN (0x4)
                0x08006eac                _etext = .

.vfp11_veneer   0x08006eac        0x0
 .vfp11_veneer  0x08006eac        0x0 linker stubs

.v4_bx          0x08006eac        0x0
 .v4_bx         0x08006eac        0x0 linker stubs

.iplt           0x08006eac        0x0
 .iplt          0x08006eac        0x0 c:/ac6/systemworkbench/plugins/fr.ac6.mcu.externaltools.arm-none.win32_1.16.0.201807130628/tools/compiler/bin/../lib/gcc/arm-none-eabi/7.2.1/thumb/v7-m/crtbegin.o

.rodata         0x08006eac      0x8a4
                0x08006eac                . = ALIGN (0x4)
 *(.rodata)
 .rodata        0x08006eac       0x12 Drivers/STM32F1xx_HAL_Driver/Src/stm32f1xx_hal_rcc.o
 *fill*         0x08006ebe        0x2 
 .rodata        0x08006ec0       0x12 Drivers/STM32F1xx_HAL_Driver/Src/stm32f1xx_hal_rcc_ex.o
 *fill*         0x08006ed2        0x2 
 .rodata        0x08006ed4      0x320 Src/deepstomp.o
                0x08006ed4                DEFAULTPRESET
 .rodata        0x080071f4      0x206 Src/deepstomp_distortion.o
 *fill*         0x080073fa        0x2 
 .rodata        0x080073fc       0x26 Src/deepstomp_expansor.o
 *fill*         0x08007422        0x2 
 .rodata        0x08007424       0x9c Src/main.o
                0x08007424                ledindipin
                0x08007430                ledbarpin
                0x08007444                periodcountboundary8x
                0x08007478                periodcountcenter8x
                0x080074a8                semitonemainled
                0x080074b4                semitoneauxled
 .rodata        0x080074c0       0x18 Src/system_stm32f1xx.o
                0x080074c0                AHBPrescTable
                0x080074d0                APBPrescTable
 *(.rodata*)
 .rodata.str1.4
                0x080074d8       0x36 Src/deepstomp_delay.o
 *fill*         0x0800750e        0x2 
 .rodata.str1.4
                0x08007510       0x40 Src/deepstomp_distortion.o
 .rodata.str1.4
                0x08007550       0x69 Src/deepstomp_expansor.o
 *fill*         0x080075b9        0x3 
 .rodata.str1.4
                0x080075bc        0xf Src/deepstomp_multieffect.o
 *fill*         0x080075cb        0x1 
 .rodata.str1.4
                0x080075cc      0x134 Src/main.o
 .rodata.str1.4
                0x08007700       0x1c Src/stm32f1xx_hal_msp.o
                                 0x1b (size before relaxing)
 .rodata._svfprintf_r.str1.1
                0x0800771c       0x11 c:/ac6/systemworkbench/plugins/fr.ac6.mcu.externaltools.arm-none.win32_1.16.0.201807130628/tools/compiler/bin/../lib/gcc/arm-none-eabi/7.2.1/../../../../arm-none-eabi/lib/thumb/v7-m\libc_nano.a(lib_a-nano-svfprintf.o)
 .rodata._printf_i.str1.1
                0x0800772d       0x22 c:/ac6/systemworkbench/plugins/fr.ac6.mcu.externaltools.arm-none.win32_1.16.0.201807130628/tools/compiler/bin/../lib/gcc/arm-none-eabi/7.2.1/../../../../arm-none-eabi/lib/thumb/v7-m\libc_nano.a(lib_a-nano-vfprintf_i.o)
                0x08007750                . = ALIGN (0x4)
 *fill*         0x0800774f        0x1 

.rel.dyn        0x08007750        0x0
 .rel.iplt      0x08007750        0x0 c:/ac6/systemworkbench/plugins/fr.ac6.mcu.externaltools.arm-none.win32_1.16.0.201807130628/tools/compiler/bin/../lib/gcc/arm-none-eabi/7.2.1/thumb/v7-m/crtbegin.o

.ARM.extab
 *(.ARM.extab* .gnu.linkonce.armextab.*)

.ARM            0x08007750        0x0
                0x08007750                __exidx_start = .
 *(.ARM.exidx*)
                0x08007750                __exidx_end = .

.preinit_array  0x08007750        0x0
                0x08007750                PROVIDE (__preinit_array_start, .)
 *(.preinit_array*)
                0x08007750                PROVIDE (__preinit_array_end, .)

.init_array     0x08007750        0x4
                0x08007750                PROVIDE (__init_array_start, .)
 *(SORT_BY_NAME(.init_array.*))
 *(.init_array*)
 .init_array    0x08007750        0x4 c:/ac6/systemworkbench/plugins/fr.ac6.mcu.externaltools.arm-none.win32_1.16.0.201807130628/tools/compiler/bin/../lib/gcc/arm-none-eabi/7.2.1/thumb/v7-m/crtbegin.o
                0x08007754                PROVIDE (__init_array_end, .)

.fini_array     0x08007754        0x4
                [!provide]                PROVIDE (__fini_array_start, .)
 *(SORT_BY_NAME(.fini_array.*))
 *(.fini_array*)
 .fini_array    0x08007754        0x4 c:/ac6/systemworkbench/plugins/fr.ac6.mcu.externaltools.arm-none.win32_1.16.0.201807130628/tools/compiler/bin/../lib/gcc/arm-none-eabi/7.2.1/thumb/v7-m/crtbegin.o
                [!provide]                PROVIDE (__fini_array_end, .)
                0x08007758                _sidata = LOADADDR (.data)

.data           0x20000000       0xc4 load address 0x08007758
                0x20000000                . = ALIGN (0x4)
                0x20000000                _sdata = .
 *(.data)
 .data          0x20000000        0x8 Drivers/STM32F1xx_HAL_Driver/Src/stm32f1xx_hal.o
                0x20000000                uwTickFreq
                0x20000004                uwTickPrio
 .data          0x20000008       0x54 Src/main.o
                0x20000008                ledindiport
                0x20000020                ledbarport
                0x20000048                storagepageaddress
                0x20000058                rotsw
                0x20000059                rotp0
                0x2000005a                rotp1
                0x2000005b                blinkon
 .data          0x2000005c        0x4 Src/system_stm32f1xx.o
                0x2000005c                SystemCoreClock
 *(.data*)
 .data._impure_ptr
                0x20000060        0x4 c:/ac6/systemworkbench/plugins/fr.ac6.mcu.externaltools.arm-none.win32_1.16.0.201807130628/tools/compiler/bin/../lib/gcc/arm-none-eabi/7.2.1/../../../../arm-none-eabi/lib/thumb/v7-m\libc_nano.a(lib_a-impure.o)
                0x20000060                _impure_ptr
 .data.impure_data
                0x20000064       0x60 c:/ac6/systemworkbench/plugins/fr.ac6.mcu.externaltools.arm-none.win32_1.16.0.201807130628/tools/compiler/bin/../lib/gcc/arm-none-eabi/7.2.1/../../../../arm-none-eabi/lib/thumb/v7-m\libc_nano.a(lib_a-impure.o)
                0x200000c4                . = ALIGN (0x4)
                0x200000c4                _edata = .

.igot.plt       0x200000c4        0x0 load address 0x0800781c
 .igot.plt      0x200000c4        0x0 c:/ac6/systemworkbench/plugins/fr.ac6.mcu.externaltools.arm-none.win32_1.16.0.201807130628/tools/compiler/bin/../lib/gcc/arm-none-eabi/7.2.1/thumb/v7-m/crtbegin.o
                0x200000c4                . = ALIGN (0x4)

.bss            0x200000c8      0x89c load address 0x0800781c
                0x200000c8                _sbss = .
                0x200000c8                __bss_start__ = _sbss
 *(.bss)
 .bss           0x200000c8       0x1c c:/ac6/systemworkbench/plugins/fr.ac6.mcu.externaltools.arm-none.win32_1.16.0.201807130628/tools/compiler/bin/../lib/gcc/arm-none-eabi/7.2.1/thumb/v7-m/crtbegin.o
 .bss           0x200000e4      0x3c4 Src/main.o
                0x200000fc                storagewrite_currtick
                0x20000100                storagewrite_prevtick
                0x20000104                writestate
                0x20000105                requeststorageupdate
                0x20000108                ledindibuttonstate
                0x20000110                rotscan_currtick
                0x20000114                rotscan_prevtick
                0x20000118                rotsw_sum
                0x20000119                rotp0_sum
                0x2000011a                rotp1_sum
                0x2000011b                rotscancount
                0x20000144                adccounter
                0x20000148                cpucount
                0x2000014b                CALIBRATIONMODE
                0x2000014c                insample
                0x2000014e                tunermode
                0x20000150                outsample
                0x20000152                histep
                0x20000154                calibcount
                0x20000158                lostep
                0x2000015c                animatebar_currtick
                0x20000160                animatebar_prevtick
                0x20000164                RUNTIME
                0x20000168                bardisplaychannel
                0x2000016c                animatebar_state
                0x20000170                animateindi_currtick
                0x20000174                animateindi_prevtick
                0x20000178                indiblinktype
                0x20000179                indiblinkoncounter
                0x2000017a                indiblinkindex
                0x2000017c                menu_currtick
                0x20000180                menu_prevtick
                0x20000184                menustate
                0x20000185                animateindi_state
                0x20000186                rotwaitexit
 *(.bss*)
 .bss.__malloc_free_list
                0x200004a8        0x4 c:/ac6/systemworkbench/plugins/fr.ac6.mcu.externaltools.arm-none.win32_1.16.0.201807130628/tools/compiler/bin/../lib/gcc/arm-none-eabi/7.2.1/../../../../arm-none-eabi/lib/thumb/v7-m\libc_nano.a(lib_a-nano-mallocr.o)
                0x200004a8                __malloc_free_list
 .bss.__malloc_sbrk_start
                0x200004ac        0x4 c:/ac6/systemworkbench/plugins/fr.ac6.mcu.externaltools.arm-none.win32_1.16.0.201807130628/tools/compiler/bin/../lib/gcc/arm-none-eabi/7.2.1/../../../../arm-none-eabi/lib/thumb/v7-m\libc_nano.a(lib_a-nano-mallocr.o)
                0x200004ac                __malloc_sbrk_start
 .bss.heap_end.4102
                0x200004b0        0x4 c:/ac6/systemworkbench/plugins/fr.ac6.mcu.externaltools.arm-none.win32_1.16.0.201807130628/tools/compiler/bin/../lib/gcc/arm-none-eabi/7.2.1/../../../../arm-none-eabi/lib/thumb/v7-m\libnosys.a(sbrk.o)
 *(COMMON)
 COMMON         0x200004b4        0x4 Drivers/STM32F1xx_HAL_Driver/Src/stm32f1xx_hal.o
                0x200004b4                uwTick
 COMMON         0x200004b8       0x20 Drivers/STM32F1xx_HAL_Driver/Src/stm32f1xx_hal_flash.o
                0x200004b8                pFlash
 COMMON         0x200004d8      0x1ce Src/deepstomp.o
                0x200004d8                module
                0x200006a0                MAINMODULE
                0x200006a4                USE_LEVEL_MONITOR
                0x200006a5                USE_DEBUG_MONITOR
 *fill*         0x200006a6        0x2 
 COMMON         0x200006a8      0x2b8 Src/main.o
                0x200006a8                prevparamvalue
                0x200006ac                PRESETBUFFER
                0x200006b0                PARAMS
                0x200006c8                htim4
                0x20000708                tuner
                0x2000070c                hadc2
                0x2000073c                paramdump
                0x20000748                activepageindex
                0x2000074c                storagewriteindex
                0x20000750                paramlevel
                0x20000754                htim3
                0x20000794                datasetlength
                0x20000798                datasetindex
                0x2000079c                hdma_usart1_tx
                0x200007e0                caldata
                0x200007e4                hadc1
                0x20000814                dmon
                0x20000818                EDITEXITSTATUS
                0x2000081a                INPUTLEVEL
                0x2000081c                huart1
                0x2000085c                storagecounter
                0x20000860                SUBMODULE
                0x20000864                dcremover
                0x20000868                hdma_adc1
                0x200008ac                htim1
                0x200008ec                adcbuffer
                0x2000090c                storagebuffer
                0x20000910                barstate
                0x2000091c                htim2
                0x2000095c                leveldetector
 COMMON         0x20000960        0x4 c:/ac6/systemworkbench/plugins/fr.ac6.mcu.externaltools.arm-none.win32_1.16.0.201807130628/tools/compiler/bin/../lib/gcc/arm-none-eabi/7.2.1/../../../../arm-none-eabi/lib/thumb/v7-m\libc_nano.a(lib_a-reent.o)
                0x20000960                errno
                0x20000964                . = ALIGN (0x4)
                0x20000964                _ebss = .
                0x20000964                __bss_end__ = _ebss

._user_heap_stack
                0x20000964      0x604 load address 0x0800781c
                0x20000968                . = ALIGN (0x8)
 *fill*         0x20000964        0x4 
                0x20000968                PROVIDE (end, .)
                [!provide]                PROVIDE (_end, .)
                0x20000b68                . = (. + _Min_Heap_Size)
 *fill*         0x20000968      0x200 
                0x20000f68                . = (. + _Min_Stack_Size)
 *fill*         0x20000b68      0x400 
                0x20000f68                . = ALIGN (0x8)

/DISCARD/
 libc.a(*)
 libm.a(*)
 libgcc.a(*)

.ARM.attributes
                0x00000000       0x29
 *(.ARM.attributes)
 .ARM.attributes
                0x00000000       0x1d c:/ac6/systemworkbench/plugins/fr.ac6.mcu.externaltools.arm-none.win32_1.16.0.201807130628/tools/compiler/bin/../lib/gcc/arm-none-eabi/7.2.1/thumb/v7-m/crti.o
 .ARM.attributes
                0x0000001d       0x2d c:/ac6/systemworkbench/plugins/fr.ac6.mcu.externaltools.arm-none.win32_1.16.0.201807130628/tools/compiler/bin/../lib/gcc/arm-none-eabi/7.2.1/thumb/v7-m/crtbegin.o
 .ARM.attributes
                0x0000004a       0x33 Drivers/STM32F1xx_HAL_Driver/Src/stm32f1xx_hal.o
 .ARM.attributes
                0x0000007d       0x33 Drivers/STM32F1xx_HAL_Driver/Src/stm32f1xx_hal_adc.o
 .ARM.attributes
                0x000000b0       0x33 Drivers/STM32F1xx_HAL_Driver/Src/stm32f1xx_hal_adc_ex.o
 .ARM.attributes
                0x000000e3       0x33 Drivers/STM32F1xx_HAL_Driver/Src/stm32f1xx_hal_cortex.o
 .ARM.attributes
                0x00000116       0x33 Drivers/STM32F1xx_HAL_Driver/Src/stm32f1xx_hal_dma.o
 .ARM.attributes
                0x00000149       0x33 Drivers/STM32F1xx_HAL_Driver/Src/stm32f1xx_hal_flash.o
 .ARM.attributes
                0x0000017c       0x33 Drivers/STM32F1xx_HAL_Driver/Src/stm32f1xx_hal_flash_ex.o
 .ARM.attributes
                0x000001af       0x33 Drivers/STM32F1xx_HAL_Driver/Src/stm32f1xx_hal_gpio.o
 .ARM.attributes
                0x000001e2       0x33 Drivers/STM32F1xx_HAL_Driver/Src/stm32f1xx_hal_rcc.o
 .ARM.attributes
                0x00000215       0x33 Drivers/STM32F1xx_HAL_Driver/Src/stm32f1xx_hal_rcc_ex.o
 .ARM.attributes
                0x00000248       0x33 Drivers/STM32F1xx_HAL_Driver/Src/stm32f1xx_hal_tim.o
 .ARM.attributes
                0x0000027b       0x33 Drivers/STM32F1xx_HAL_Driver/Src/stm32f1xx_hal_tim_ex.o
 .ARM.attributes
                0x000002ae       0x33 Drivers/STM32F1xx_HAL_Driver/Src/stm32f1xx_hal_uart.o
 .ARM.attributes
                0x000002e1       0x33 Src/deepstomp.o
 .ARM.attributes
                0x00000314       0x33 Src/deepstomp_delay.o
 .ARM.attributes
                0x00000347       0x33 Src/deepstomp_distortion.o
 .ARM.attributes
                0x0000037a       0x33 Src/deepstomp_expansor.o
 .ARM.attributes
                0x000003ad       0x33 Src/deepstomp_modextension.o
 .ARM.attributes
                0x000003e0       0x33 Src/deepstomp_multieffect.o
 .ARM.attributes
                0x00000413       0x33 Src/dstlib_dcremover.o
 .ARM.attributes
                0x00000446       0x33 Src/dstlib_leveldetector.o
 .ARM.attributes
                0x00000479       0x33 Src/main.o
 .ARM.attributes
                0x000004ac       0x33 Src/stm32f1xx_hal_msp.o
 .ARM.attributes
                0x000004df       0x33 Src/stm32f1xx_it.o
 .ARM.attributes
                0x00000512       0x33 Src/system_stm32f1xx.o
 .ARM.attributes
                0x00000545       0x21 startup/startup_stm32f103xb.o
 .ARM.attributes
                0x00000566       0x33 C:\PROJECTFILES\STM32WB\deepstomp\Lib\CMSIS\GCC\libarm_cortexM3l_math.a(arm_abs_q15.o)
 .ARM.attributes
                0x00000599       0x2d c:/ac6/systemworkbench/plugins/fr.ac6.mcu.externaltools.arm-none.win32_1.16.0.201807130628/tools/compiler/bin/../lib/gcc/arm-none-eabi/7.2.1/../../../../arm-none-eabi/lib/thumb/v7-m\libm.a(lib_a-s_round.o)
 .ARM.attributes
                0x000005c6       0x1d c:/ac6/systemworkbench/plugins/fr.ac6.mcu.externaltools.arm-none.win32_1.16.0.201807130628/tools/compiler/bin/../lib/gcc/arm-none-eabi/7.2.1/thumb/v7-m\libgcc.a(_arm_addsubdf3.o)
 .ARM.attributes
                0x000005e3       0x1d c:/ac6/systemworkbench/plugins/fr.ac6.mcu.externaltools.arm-none.win32_1.16.0.201807130628/tools/compiler/bin/../lib/gcc/arm-none-eabi/7.2.1/thumb/v7-m\libgcc.a(_arm_fixunsdfsi.o)
 .ARM.attributes
                0x00000600       0x1d c:/ac6/systemworkbench/plugins/fr.ac6.mcu.externaltools.arm-none.win32_1.16.0.201807130628/tools/compiler/bin/../lib/gcc/arm-none-eabi/7.2.1/thumb/v7-m\libgcc.a(_arm_addsubsf3.o)
 .ARM.attributes
                0x0000061d       0x1d c:/ac6/systemworkbench/plugins/fr.ac6.mcu.externaltools.arm-none.win32_1.16.0.201807130628/tools/compiler/bin/../lib/gcc/arm-none-eabi/7.2.1/thumb/v7-m\libgcc.a(_arm_muldivsf3.o)
 .ARM.attributes
                0x0000063a       0x2d c:/ac6/systemworkbench/plugins/fr.ac6.mcu.externaltools.arm-none.win32_1.16.0.201807130628/tools/compiler/bin/../lib/gcc/arm-none-eabi/7.2.1/../../../../arm-none-eabi/lib/thumb/v7-m\libc_nano.a(lib_a-impure.o)
 .ARM.attributes
                0x00000667       0x2d c:/ac6/systemworkbench/plugins/fr.ac6.mcu.externaltools.arm-none.win32_1.16.0.201807130628/tools/compiler/bin/../lib/gcc/arm-none-eabi/7.2.1/../../../../arm-none-eabi/lib/thumb/v7-m\libc_nano.a(lib_a-init.o)
 .ARM.attributes
                0x00000694       0x2d c:/ac6/systemworkbench/plugins/fr.ac6.mcu.externaltools.arm-none.win32_1.16.0.201807130628/tools/compiler/bin/../lib/gcc/arm-none-eabi/7.2.1/../../../../arm-none-eabi/lib/thumb/v7-m\libc_nano.a(lib_a-malloc.o)
 .ARM.attributes
                0x000006c1       0x2d c:/ac6/systemworkbench/plugins/fr.ac6.mcu.externaltools.arm-none.win32_1.16.0.201807130628/tools/compiler/bin/../lib/gcc/arm-none-eabi/7.2.1/../../../../arm-none-eabi/lib/thumb/v7-m\libc_nano.a(lib_a-nano-freer.o)
 .ARM.attributes
                0x000006ee       0x2d c:/ac6/systemworkbench/plugins/fr.ac6.mcu.externaltools.arm-none.win32_1.16.0.201807130628/tools/compiler/bin/../lib/gcc/arm-none-eabi/7.2.1/../../../../arm-none-eabi/lib/thumb/v7-m\libc_nano.a(lib_a-nano-mallocr.o)
 .ARM.attributes
                0x0000071b       0x2d c:/ac6/systemworkbench/plugins/fr.ac6.mcu.externaltools.arm-none.win32_1.16.0.201807130628/tools/compiler/bin/../lib/gcc/arm-none-eabi/7.2.1/../../../../arm-none-eabi/lib/thumb/v7-m\libc_nano.a(lib_a-sbrkr.o)
 .ARM.attributes
                0x00000748       0x2d c:/ac6/systemworkbench/plugins/fr.ac6.mcu.externaltools.arm-none.win32_1.16.0.201807130628/tools/compiler/bin/../lib/gcc/arm-none-eabi/7.2.1/../../../../arm-none-eabi/lib/thumb/v7-m\libc_nano.a(lib_a-snprintf.o)
 .ARM.attributes
                0x00000775       0x17 c:/ac6/systemworkbench/plugins/fr.ac6.mcu.externaltools.arm-none.win32_1.16.0.201807130628/tools/compiler/bin/../lib/gcc/arm-none-eabi/7.2.1/../../../../arm-none-eabi/lib/thumb/v7-m\libc_nano.a(lib_a-strlen.o)
 .ARM.attributes
                0x0000078c       0x2d c:/ac6/systemworkbench/plugins/fr.ac6.mcu.externaltools.arm-none.win32_1.16.0.201807130628/tools/compiler/bin/../lib/gcc/arm-none-eabi/7.2.1/../../../../arm-none-eabi/lib/thumb/v7-m\libc_nano.a(lib_a-strncpy.o)
 .ARM.attributes
                0x000007b9       0x2d c:/ac6/systemworkbench/plugins/fr.ac6.mcu.externaltools.arm-none.win32_1.16.0.201807130628/tools/compiler/bin/../lib/gcc/arm-none-eabi/7.2.1/../../../../arm-none-eabi/lib/thumb/v7-m\libc_nano.a(lib_a-mlock.o)
 .ARM.attributes
                0x000007e6       0x2d c:/ac6/systemworkbench/plugins/fr.ac6.mcu.externaltools.arm-none.win32_1.16.0.201807130628/tools/compiler/bin/../lib/gcc/arm-none-eabi/7.2.1/../../../../arm-none-eabi/lib/thumb/v7-m\libc_nano.a(lib_a-nano-svfprintf.o)
 .ARM.attributes
                0x00000813       0x2d c:/ac6/systemworkbench/plugins/fr.ac6.mcu.externaltools.arm-none.win32_1.16.0.201807130628/tools/compiler/bin/../lib/gcc/arm-none-eabi/7.2.1/../../../../arm-none-eabi/lib/thumb/v7-m\libc_nano.a(lib_a-nano-vfprintf_i.o)
 .ARM.attributes
                0x00000840       0x2d c:/ac6/systemworkbench/plugins/fr.ac6.mcu.externaltools.arm-none.win32_1.16.0.201807130628/tools/compiler/bin/../lib/gcc/arm-none-eabi/7.2.1/../../../../arm-none-eabi/lib/thumb/v7-m\libc_nano.a(lib_a-reent.o)
 .ARM.attributes
                0x0000086d       0x2d c:/ac6/systemworkbench/plugins/fr.ac6.mcu.externaltools.arm-none.win32_1.16.0.201807130628/tools/compiler/bin/../lib/gcc/arm-none-eabi/7.2.1/../../../../arm-none-eabi/lib/thumb/v7-m\libc_nano.a(lib_a-memchr-stub.o)
 .ARM.attributes
                0x0000089a       0x2d c:/ac6/systemworkbench/plugins/fr.ac6.mcu.externaltools.arm-none.win32_1.16.0.201807130628/tools/compiler/bin/../lib/gcc/arm-none-eabi/7.2.1/../../../../arm-none-eabi/lib/thumb/v7-m\libc_nano.a(lib_a-memcpy-stub.o)
 .ARM.attributes
                0x000008c7       0x2d c:/ac6/systemworkbench/plugins/fr.ac6.mcu.externaltools.arm-none.win32_1.16.0.201807130628/tools/compiler/bin/../lib/gcc/arm-none-eabi/7.2.1/../../../../arm-none-eabi/lib/thumb/v7-m\libc_nano.a(lib_a-memmove.o)
 .ARM.attributes
                0x000008f4       0x2d c:/ac6/systemworkbench/plugins/fr.ac6.mcu.externaltools.arm-none.win32_1.16.0.201807130628/tools/compiler/bin/../lib/gcc/arm-none-eabi/7.2.1/../../../../arm-none-eabi/lib/thumb/v7-m\libc_nano.a(lib_a-nano-reallocr.o)
 .ARM.attributes
                0x00000921       0x2d c:/ac6/systemworkbench/plugins/fr.ac6.mcu.externaltools.arm-none.win32_1.16.0.201807130628/tools/compiler/bin/../lib/gcc/arm-none-eabi/7.2.1/../../../../arm-none-eabi/lib/thumb/v7-m\libc_nano.a(lib_a-nano-msizer.o)
 .ARM.attributes
                0x0000094e       0x2d c:/ac6/systemworkbench/plugins/fr.ac6.mcu.externaltools.arm-none.win32_1.16.0.201807130628/tools/compiler/bin/../lib/gcc/arm-none-eabi/7.2.1/../../../../arm-none-eabi/lib/thumb/v7-m\libnosys.a(sbrk.o)
 .ARM.attributes
                0x0000097b       0x1d c:/ac6/systemworkbench/plugins/fr.ac6.mcu.externaltools.arm-none.win32_1.16.0.201807130628/tools/compiler/bin/../lib/gcc/arm-none-eabi/7.2.1/thumb/v7-m/crtn.o
OUTPUT(deepstomp.elf elf32-littlearm)

.comment        0x00000000       0xee
 .comment       0x00000000       0x7e Drivers/STM32F1xx_HAL_Driver/Src/stm32f1xx_hal.o
                                 0x7f (size before relaxing)
 .comment       0x0000007e       0x7f Drivers/STM32F1xx_HAL_Driver/Src/stm32f1xx_hal_adc.o
 .comment       0x0000007e       0x7f Drivers/STM32F1xx_HAL_Driver/Src/stm32f1xx_hal_adc_ex.o
 .comment       0x0000007e       0x7f Drivers/STM32F1xx_HAL_Driver/Src/stm32f1xx_hal_cortex.o
 .comment       0x0000007e       0x7f Drivers/STM32F1xx_HAL_Driver/Src/stm32f1xx_hal_dma.o
 .comment       0x0000007e       0x7f Drivers/STM32F1xx_HAL_Driver/Src/stm32f1xx_hal_flash.o
 .comment       0x0000007e       0x7f Drivers/STM32F1xx_HAL_Driver/Src/stm32f1xx_hal_flash_ex.o
 .comment       0x0000007e       0x7f Drivers/STM32F1xx_HAL_Driver/Src/stm32f1xx_hal_gpio.o
 .comment       0x0000007e       0x7f Drivers/STM32F1xx_HAL_Driver/Src/stm32f1xx_hal_rcc.o
 .comment       0x0000007e       0x7f Drivers/STM32F1xx_HAL_Driver/Src/stm32f1xx_hal_rcc_ex.o
 .comment       0x0000007e       0x7f Drivers/STM32F1xx_HAL_Driver/Src/stm32f1xx_hal_tim.o
 .comment       0x0000007e       0x7f Drivers/STM32F1xx_HAL_Driver/Src/stm32f1xx_hal_tim_ex.o
 .comment       0x0000007e       0x7f Drivers/STM32F1xx_HAL_Driver/Src/stm32f1xx_hal_uart.o
 .comment       0x0000007e       0x7f Src/deepstomp.o
 .comment       0x0000007e       0x7f Src/deepstomp_delay.o
 .comment       0x0000007e       0x7f Src/deepstomp_distortion.o
 .comment       0x0000007e       0x7f Src/deepstomp_expansor.o
 .comment       0x0000007e       0x7f Src/deepstomp_modextension.o
 .comment       0x0000007e       0x7f Src/deepstomp_multieffect.o
 .comment       0x0000007e       0x7f Src/dstlib_dcremover.o
 .comment       0x0000007e       0x7f Src/dstlib_leveldetector.o
 .comment       0x0000007e       0x7f Src/main.o
 .comment       0x0000007e       0x7f Src/stm32f1xx_hal_msp.o
 .comment       0x0000007e       0x7f Src/stm32f1xx_it.o
 .comment       0x0000007e       0x7f Src/system_stm32f1xx.o
 .comment       0x0000007e       0x70 C:\PROJECTFILES\STM32WB\deepstomp\Lib\CMSIS\GCC\libarm_cortexM3l_math.a(arm_abs_q15.o)
                                 0x71 (size before relaxing)

.debug_info     0x00000000      0x38a
 .debug_info    0x00000000      0x38a C:\PROJECTFILES\STM32WB\deepstomp\Lib\CMSIS\GCC\libarm_cortexM3l_math.a(arm_abs_q15.o)

.debug_abbrev   0x00000000      0x12a
 .debug_abbrev  0x00000000      0x12a C:\PROJECTFILES\STM32WB\deepstomp\Lib\CMSIS\GCC\libarm_cortexM3l_math.a(arm_abs_q15.o)

.debug_loc      0x00000000      0x482
 .debug_loc     0x00000000      0x482 C:\PROJECTFILES\STM32WB\deepstomp\Lib\CMSIS\GCC\libarm_cortexM3l_math.a(arm_abs_q15.o)

.debug_aranges  0x00000000       0x20
 .debug_aranges
                0x00000000       0x20 C:\PROJECTFILES\STM32WB\deepstomp\Lib\CMSIS\GCC\libarm_cortexM3l_math.a(arm_abs_q15.o)

.debug_ranges   0x00000000       0x28
 .debug_ranges  0x00000000       0x28 C:\PROJECTFILES\STM32WB\deepstomp\Lib\CMSIS\GCC\libarm_cortexM3l_math.a(arm_abs_q15.o)

.debug_line     0x00000000      0x20c
 .debug_line    0x00000000      0x20c C:\PROJECTFILES\STM32WB\deepstomp\Lib\CMSIS\GCC\libarm_cortexM3l_math.a(arm_abs_q15.o)

.debug_str      0x00000000      0x1d8
 .debug_str     0x00000000      0x1d8 C:\PROJECTFILES\STM32WB\deepstomp\Lib\CMSIS\GCC\libarm_cortexM3l_math.a(arm_abs_q15.o)
                                0x231 (size before relaxing)

.debug_frame    0x00000000      0x5b8
 .debug_frame   0x00000000       0x30 C:\PROJECTFILES\STM32WB\deepstomp\Lib\CMSIS\GCC\libarm_cortexM3l_math.a(arm_abs_q15.o)
 .debug_frame   0x00000030       0x30 c:/ac6/systemworkbench/plugins/fr.ac6.mcu.externaltools.arm-none.win32_1.16.0.201807130628/tools/compiler/bin/../lib/gcc/arm-none-eabi/7.2.1/../../../../arm-none-eabi/lib/thumb/v7-m\libm.a(lib_a-s_round.o)
 .debug_frame   0x00000060       0xac c:/ac6/systemworkbench/plugins/fr.ac6.mcu.externaltools.arm-none.win32_1.16.0.201807130628/tools/compiler/bin/../lib/gcc/arm-none-eabi/7.2.1/thumb/v7-m\libgcc.a(_arm_addsubdf3.o)
 .debug_frame   0x0000010c       0x24 c:/ac6/systemworkbench/plugins/fr.ac6.mcu.externaltools.arm-none.win32_1.16.0.201807130628/tools/compiler/bin/../lib/gcc/arm-none-eabi/7.2.1/thumb/v7-m\libgcc.a(_arm_fixunsdfsi.o)
 .debug_frame   0x00000130       0x4c c:/ac6/systemworkbench/plugins/fr.ac6.mcu.externaltools.arm-none.win32_1.16.0.201807130628/tools/compiler/bin/../lib/gcc/arm-none-eabi/7.2.1/thumb/v7-m\libgcc.a(_arm_addsubsf3.o)
 .debug_frame   0x0000017c       0x38 c:/ac6/systemworkbench/plugins/fr.ac6.mcu.externaltools.arm-none.win32_1.16.0.201807130628/tools/compiler/bin/../lib/gcc/arm-none-eabi/7.2.1/thumb/v7-m\libgcc.a(_arm_muldivsf3.o)
 .debug_frame   0x000001b4       0x2c c:/ac6/systemworkbench/plugins/fr.ac6.mcu.externaltools.arm-none.win32_1.16.0.201807130628/tools/compiler/bin/../lib/gcc/arm-none-eabi/7.2.1/../../../../arm-none-eabi/lib/thumb/v7-m\libc_nano.a(lib_a-init.o)
 .debug_frame   0x000001e0       0x30 c:/ac6/systemworkbench/plugins/fr.ac6.mcu.externaltools.arm-none.win32_1.16.0.201807130628/tools/compiler/bin/../lib/gcc/arm-none-eabi/7.2.1/../../../../arm-none-eabi/lib/thumb/v7-m\libc_nano.a(lib_a-malloc.o)
 .debug_frame   0x00000210       0x38 c:/ac6/systemworkbench/plugins/fr.ac6.mcu.externaltools.arm-none.win32_1.16.0.201807130628/tools/compiler/bin/../lib/gcc/arm-none-eabi/7.2.1/../../../../arm-none-eabi/lib/thumb/v7-m\libc_nano.a(lib_a-nano-freer.o)
 .debug_frame   0x00000248       0x2c c:/ac6/systemworkbench/plugins/fr.ac6.mcu.externaltools.arm-none.win32_1.16.0.201807130628/tools/compiler/bin/../lib/gcc/arm-none-eabi/7.2.1/../../../../arm-none-eabi/lib/thumb/v7-m\libc_nano.a(lib_a-nano-mallocr.o)
 .debug_frame   0x00000274       0x2c c:/ac6/systemworkbench/plugins/fr.ac6.mcu.externaltools.arm-none.win32_1.16.0.201807130628/tools/compiler/bin/../lib/gcc/arm-none-eabi/7.2.1/../../../../arm-none-eabi/lib/thumb/v7-m\libc_nano.a(lib_a-sbrkr.o)
 .debug_frame   0x000002a0       0x7c c:/ac6/systemworkbench/plugins/fr.ac6.mcu.externaltools.arm-none.win32_1.16.0.201807130628/tools/compiler/bin/../lib/gcc/arm-none-eabi/7.2.1/../../../../arm-none-eabi/lib/thumb/v7-m\libc_nano.a(lib_a-snprintf.o)
 .debug_frame   0x0000031c       0x2c c:/ac6/systemworkbench/plugins/fr.ac6.mcu.externaltools.arm-none.win32_1.16.0.201807130628/tools/compiler/bin/../lib/gcc/arm-none-eabi/7.2.1/../../../../arm-none-eabi/lib/thumb/v7-m\libc_nano.a(lib_a-strncpy.o)
 .debug_frame   0x00000348       0x30 c:/ac6/systemworkbench/plugins/fr.ac6.mcu.externaltools.arm-none.win32_1.16.0.201807130628/tools/compiler/bin/../lib/gcc/arm-none-eabi/7.2.1/../../../../arm-none-eabi/lib/thumb/v7-m\libc_nano.a(lib_a-mlock.o)
 .debug_frame   0x00000378       0x90 c:/ac6/systemworkbench/plugins/fr.ac6.mcu.externaltools.arm-none.win32_1.16.0.201807130628/tools/compiler/bin/../lib/gcc/arm-none-eabi/7.2.1/../../../../arm-none-eabi/lib/thumb/v7-m\libc_nano.a(lib_a-nano-svfprintf.o)
 .debug_frame   0x00000408       0x60 c:/ac6/systemworkbench/plugins/fr.ac6.mcu.externaltools.arm-none.win32_1.16.0.201807130628/tools/compiler/bin/../lib/gcc/arm-none-eabi/7.2.1/../../../../arm-none-eabi/lib/thumb/v7-m\libc_nano.a(lib_a-nano-vfprintf_i.o)
 .debug_frame   0x00000468       0x5c c:/ac6/systemworkbench/plugins/fr.ac6.mcu.externaltools.arm-none.win32_1.16.0.201807130628/tools/compiler/bin/../lib/gcc/arm-none-eabi/7.2.1/../../../../arm-none-eabi/lib/thumb/v7-m\libc_nano.a(lib_a-reent.o)
 .debug_frame   0x000004c4       0x28 c:/ac6/systemworkbench/plugins/fr.ac6.mcu.externaltools.arm-none.win32_1.16.0.201807130628/tools/compiler/bin/../lib/gcc/arm-none-eabi/7.2.1/../../../../arm-none-eabi/lib/thumb/v7-m\libc_nano.a(lib_a-memchr-stub.o)
 .debug_frame   0x000004ec       0x28 c:/ac6/systemworkbench/plugins/fr.ac6.mcu.externaltools.arm-none.win32_1.16.0.201807130628/tools/compiler/bin/../lib/gcc/arm-none-eabi/7.2.1/../../../../arm-none-eabi/lib/thumb/v7-m\libc_nano.a(lib_a-memcpy-stub.o)
 .debug_frame   0x00000514       0x28 c:/ac6/systemworkbench/plugins/fr.ac6.mcu.externaltools.arm-none.win32_1.16.0.201807130628/tools/compiler/bin/../lib/gcc/arm-none-eabi/7.2.1/../../../../arm-none-eabi/lib/thumb/v7-m\libc_nano.a(lib_a-memmove.o)
 .debug_frame   0x0000053c       0x3c c:/ac6/systemworkbench/plugins/fr.ac6.mcu.externaltools.arm-none.win32_1.16.0.201807130628/tools/compiler/bin/../lib/gcc/arm-none-eabi/7.2.1/../../../../arm-none-eabi/lib/thumb/v7-m\libc_nano.a(lib_a-nano-reallocr.o)
 .debug_frame   0x00000578       0x20 c:/ac6/systemworkbench/plugins/fr.ac6.mcu.externaltools.arm-none.win32_1.16.0.201807130628/tools/compiler/bin/../lib/gcc/arm-none-eabi/7.2.1/../../../../arm-none-eabi/lib/thumb/v7-m\libc_nano.a(lib_a-nano-msizer.o)
 .debug_frame   0x00000598       0x20 c:/ac6/systemworkbench/plugins/fr.ac6.mcu.externaltools.arm-none.win32_1.16.0.201807130628/tools/compiler/bin/../lib/gcc/arm-none-eabi/7.2.1/../../../../arm-none-eabi/lib/thumb/v7-m\libnosys.a(sbrk.o)
