Archive member included to satisfy reference by file (symbol)

C:\PROJECTFILES\STM32WB\deepstomp\Lib\CMSIS\GCC\libarm_cortexM3l_math.a(arm_abs_q15.o)
                              Src/deepstomp_distortion.o (arm_abs_q15)
c:/ac6/systemworkbench/plugins/fr.ac6.mcu.externaltools.arm-none.win32_1.16.0.201807130628/tools/compiler/bin/../lib/gcc/arm-none-eabi/7.2.1/../../../../arm-none-eabi/lib/thumb/v7-m\libm.a(lib_a-s_round.o)
                              Src/main.o (round)
c:/ac6/systemworkbench/plugins/fr.ac6.mcu.externaltools.arm-none.win32_1.16.0.201807130628/tools/compiler/bin/../lib/gcc/arm-none-eabi/7.2.1/thumb/v7-m\libgcc.a(_arm_addsubdf3.o)
                              c:/ac6/systemworkbench/plugins/fr.ac6.mcu.externaltools.arm-none.win32_1.16.0.201807130628/tools/compiler/bin/../lib/gcc/arm-none-eabi/7.2.1/../../../../arm-none-eabi/lib/thumb/v7-m\libm.a(lib_a-s_round.o) (__aeabi_dadd)
c:/ac6/systemworkbench/plugins/fr.ac6.mcu.externaltools.arm-none.win32_1.16.0.201807130628/tools/compiler/bin/../lib/gcc/arm-none-eabi/7.2.1/thumb/v7-m\libgcc.a(_arm_fixunsdfsi.o)
                              Src/main.o (__aeabi_d2uiz)
c:/ac6/systemworkbench/plugins/fr.ac6.mcu.externaltools.arm-none.win32_1.16.0.201807130628/tools/compiler/bin/../lib/gcc/arm-none-eabi/7.2.1/thumb/v7-m\libgcc.a(_arm_addsubsf3.o)
                              Src/main.o (__aeabi_ui2f)
c:/ac6/systemworkbench/plugins/fr.ac6.mcu.externaltools.arm-none.win32_1.16.0.201807130628/tools/compiler/bin/../lib/gcc/arm-none-eabi/7.2.1/thumb/v7-m\libgcc.a(_arm_muldivsf3.o)
                              Src/main.o (__aeabi_fmul)
c:/ac6/systemworkbench/plugins/fr.ac6.mcu.externaltools.arm-none.win32_1.16.0.201807130628/tools/compiler/bin/../lib/gcc/arm-none-eabi/7.2.1/../../../../arm-none-eabi/lib/thumb/v7-m\libc_nano.a(lib_a-exit.o)
                              c:/ac6/systemworkbench/plugins/fr.ac6.mcu.externaltools.arm-none.win32_1.16.0.201807130628/tools/compiler/bin/../lib/gcc/arm-none-eabi/7.2.1/../../../../arm-none-eabi/lib/thumb/v7-m/crt0.o (exit)
c:/ac6/systemworkbench/plugins/fr.ac6.mcu.externaltools.arm-none.win32_1.16.0.201807130628/tools/compiler/bin/../lib/gcc/arm-none-eabi/7.2.1/../../../../arm-none-eabi/lib/thumb/v7-m\libc_nano.a(lib_a-impure.o)
                              c:/ac6/systemworkbench/plugins/fr.ac6.mcu.externaltools.arm-none.win32_1.16.0.201807130628/tools/compiler/bin/../lib/gcc/arm-none-eabi/7.2.1/../../../../arm-none-eabi/lib/thumb/v7-m\libc_nano.a(lib_a-exit.o) (_global_impure_ptr)
c:/ac6/systemworkbench/plugins/fr.ac6.mcu.externaltools.arm-none.win32_1.16.0.201807130628/tools/compiler/bin/../lib/gcc/arm-none-eabi/7.2.1/../../../../arm-none-eabi/lib/thumb/v7-m\libc_nano.a(lib_a-init.o)
                              c:/ac6/systemworkbench/plugins/fr.ac6.mcu.externaltools.arm-none.win32_1.16.0.201807130628/tools/compiler/bin/../lib/gcc/arm-none-eabi/7.2.1/../../../../arm-none-eabi/lib/thumb/v7-m/crt0.o (__libc_init_array)
c:/ac6/systemworkbench/plugins/fr.ac6.mcu.externaltools.arm-none.win32_1.16.0.201807130628/tools/compiler/bin/../lib/gcc/arm-none-eabi/7.2.1/../../../../arm-none-eabi/lib/thumb/v7-m\libc_nano.a(lib_a-malloc.o)
                              Src/deepstomp_delay.o (malloc)
c:/ac6/systemworkbench/plugins/fr.ac6.mcu.externaltools.arm-none.win32_1.16.0.201807130628/tools/compiler/bin/../lib/gcc/arm-none-eabi/7.2.1/../../../../arm-none-eabi/lib/thumb/v7-m\libc_nano.a(lib_a-memset.o)
                              c:/ac6/systemworkbench/plugins/fr.ac6.mcu.externaltools.arm-none.win32_1.16.0.201807130628/tools/compiler/bin/../lib/gcc/arm-none-eabi/7.2.1/../../../../arm-none-eabi/lib/thumb/v7-m/crt0.o (memset)
c:/ac6/systemworkbench/plugins/fr.ac6.mcu.externaltools.arm-none.win32_1.16.0.201807130628/tools/compiler/bin/../lib/gcc/arm-none-eabi/7.2.1/../../../../arm-none-eabi/lib/thumb/v7-m\libc_nano.a(lib_a-nano-freer.o)
                              c:/ac6/systemworkbench/plugins/fr.ac6.mcu.externaltools.arm-none.win32_1.16.0.201807130628/tools/compiler/bin/../lib/gcc/arm-none-eabi/7.2.1/../../../../arm-none-eabi/lib/thumb/v7-m\libc_nano.a(lib_a-malloc.o) (_free_r)
c:/ac6/systemworkbench/plugins/fr.ac6.mcu.externaltools.arm-none.win32_1.16.0.201807130628/tools/compiler/bin/../lib/gcc/arm-none-eabi/7.2.1/../../../../arm-none-eabi/lib/thumb/v7-m\libc_nano.a(lib_a-nano-mallocr.o)
                              c:/ac6/systemworkbench/plugins/fr.ac6.mcu.externaltools.arm-none.win32_1.16.0.201807130628/tools/compiler/bin/../lib/gcc/arm-none-eabi/7.2.1/../../../../arm-none-eabi/lib/thumb/v7-m\libc_nano.a(lib_a-malloc.o) (_malloc_r)
c:/ac6/systemworkbench/plugins/fr.ac6.mcu.externaltools.arm-none.win32_1.16.0.201807130628/tools/compiler/bin/../lib/gcc/arm-none-eabi/7.2.1/../../../../arm-none-eabi/lib/thumb/v7-m\libc_nano.a(lib_a-sbrkr.o)
[...]
Memory Configuration

Name             Origin             Length             Attributes
RAM              0x20000000         0x00005000         xrw
FLASH            0x08000000         0x00010000         xr
*default*        0x00000000         0xffffffff

Linker script and memory map

LOAD c:/ac6/systemworkbench/plugins/fr.ac6.mcu.externaltools.arm-none.win32_1.16.0.201807130628/tools/compiler/bin/../lib/gcc/arm-none-eabi/7.2.1/thumb/v7-m/crti.o
LOAD c:/ac6/systemworkbench/plugins/fr.ac6.mcu.externaltools.arm-none.win32_1.16.0.201807130628/tools/compiler/bin/../lib/gcc/arm-none-eabi/7.2.1/thumb/v7-m/crtbegin.o
LOAD c:/ac6/systemworkbench/plugins/fr.ac6.mcu.externaltools.arm-none.win32_1.16.0.201807130628/tools/compiler/bin/../lib/gcc/arm-none-eabi/7.2.1/../../../../arm-none-eabi/lib/thumb/v7-m/crt0.o
LOAD Drivers/STM32F1xx_HAL_Driver/Src/stm32f1xx_hal.o
LOAD Drivers/STM32F1xx_HAL_Driver/Src/stm32f1xx_hal_adc.o
LOAD Drivers/STM32F1xx_HAL_Driver/Src/stm32f1xx_hal_adc_ex.o
LOAD Drivers/STM32F1xx_HAL_Driver/Src/stm32f1xx_hal_cortex.o
LOAD Drivers/STM32F1xx_HAL_Driver/Src/stm32f1xx_hal_dma.o
LOAD Drivers/STM32F1xx_HAL_Driver/Src/stm32f1xx_hal_flash.o
LOAD Drivers/STM32F1xx_HAL_Driver/Src/stm32f1xx_hal_flash_ex.o
LOAD Drivers/STM32F1xx_HAL_Driver/Src/stm32f1xx_hal_gpio.o
LOAD Drivers/STM32F1xx_HAL_Driver/Src/stm32f1xx_hal_gpio_ex.o
LOAD Drivers/STM32F1xx_HAL_Driver/Src/stm32f1xx_hal_pwr.o
LOAD Drivers/STM32F1xx_HAL_Driver/Src/stm32f1xx_hal_rcc.o
LOAD Drivers/STM32F1xx_HAL_Driver/Src/stm32f1xx_hal_rcc_ex.o
LOAD Drivers/STM32F1xx_HAL_Driver/Src/stm32f1xx_hal_tim.o
LOAD Drivers/STM32F1xx_HAL_Driver/Src/stm32f1xx_hal_tim_ex.o
LOAD Drivers/STM32F1xx_HAL_Driver/Src/stm32f1xx_hal_uart.o
LOAD Src/deepstomp.o
LOAD Src/deepstomp_delay.o
LOAD Src/deepstomp_distortion.o
LOAD Src/deepstomp_expansor.o
LOAD Src/deepstomp_modextension.o
LOAD Src/deepstomp_multieffect.o
LOAD Src/dstlib_dcremover.o
LOAD Src/dstlib_leveldetector.o
LOAD Src/main.o
LOAD Src/stm32f1xx_hal_msp.o
LOAD Src/stm32f1xx_it.o
LOAD Src/system_stm32f1xx.o
LOAD startup/startup_stm32f103xb.o
LOAD C:\PROJECTFILES\STM32WB\deepstomp\Lib\CMSIS\GCC\libarm_cortexM3l_math.a
LOAD c:/ac6/systemworkbench/plugins/fr.ac6.mcu.externaltools.arm-none.win32_1.16.0.201807130628/tools/compiler/bin/../lib/gcc/arm-none-eabi/7.2.1/../../../../arm-none-eabi/lib/thumb/v7-m\libm.a
START GROUP
LOAD c:/ac6/systemworkbench/plugins/fr.ac6.mcu.externaltools.arm-none.win32_1.16.0.201807130628/tools/compiler/bin/../lib/gcc/arm-none-eabi/7.2.1/thumb/v7-m\libgcc.a
LOAD c:/ac6/systemworkbench/plugins/fr.ac6.mcu.externaltools.arm-none.win32_1.16.0.201807130628/tools/compiler/bin/../lib/gcc/arm-none-eabi/7.2.1/../../../../arm-none-eabi/lib/thumb/v7-m\libc_nano.a
END GROUP
START GROUP
LOAD c:/ac6/systemworkbench/plugins/fr.ac6.mcu.externaltools.arm-none.win32_1.16.0.201807130628/tools/compiler/bin/../lib/gcc/arm-none-eabi/7.2.1/thumb/v7-m\libgcc.a
LOAD c:/ac6/systemworkbench/plugins/fr.ac6.mcu.externaltools.arm-none.win32_1.16.0.201807130628/tools/compiler/bin/../lib/gcc/arm-none-eabi/7.2.1/../../../../arm-none-eabi/lib/thumb/v7-m\libc_nano.a
LOAD c:/ac6/systemworkbench/plugins/fr.ac6.mcu.externaltools.arm-none.win32_1.16.0.201807130628/tools/compiler/bin/../lib/gcc/arm-none-eabi/7.2.1/../../../../arm-none-eabi/lib/thumb/v7-m\libnosys.a
END GROUP
START GROUP
LOAD c:/ac6/systemworkbench/plugins/fr.ac6.mcu.externaltools.arm-none.win32_1.16.0.201807130628/tools/compiler/bin/../lib/gcc/arm-none-eabi/7.2.1/thumb/v7-m\libgcc.a
LOAD c:/ac6/systemworkbench/plugins/fr.ac6.mcu.externaltools.arm-none.win32_1.16.0.201807130628/tools/compiler/bin/../lib/gcc/arm-none-eabi/7.2.1/../../../../arm-none-eabi/lib/thumb/v7-m\libc_nano.a
LOAD c:/ac6/systemworkbench/plugins/fr.ac6.mcu.externaltools.arm-none.win32_1.16.0.201807130628/tools/compiler/bin/../lib/gcc/arm-none-eabi/7.2.1/../../../../arm-none-eabi/lib/thumb/v7-m\libnosys.a
END GROUP
LOAD c:/ac6/systemworkbench/plugins/fr.ac6.mcu.externaltools.arm-none.win32_1.16.0.201807130628/tools/compiler/bin/../lib/gcc/arm-none-eabi/7.2.1/thumb/v7-m/crtend.o
LOAD c:/ac6/systemworkbench/plugins/fr.ac6.mcu.externaltools.arm-none.win32_1.16.0.201807130628/tools/compiler/bin/../lib/gcc/arm-none-eabi/7.2.1/thumb/v7-m/crtn.o
                0x20005000                _estack = 0x20005000
                0x00000200                _Min_Heap_Size = 0x200
                0x00000400                _Min_Stack_Size = 0x400

.isr_vector     0x08000000      0x10c
                0x08000000                . = ALIGN (0x4)
 *(.isr_vector)
 .isr_vector    0x08000000      0x10c startup/startup_stm32f103xb.o
                0x08000000                g_pfnVectors
                0x0800010c                . = ALIGN (0x4)

.text           0x0800010c     0x619c
                0x0800010c                . = ALIGN (0x4)
 *(.text)
 .text          0x0800010c       0x40 c:/ac6/systemworkbench/plugins/fr.ac6.mcu.externaltools.arm-none.win32_1.16.0.201807130628/tools/compiler/bin/../lib/gcc/arm-none-eabi/7.2.1/thumb/v7-m/crtbegin.o
 .text          0x0800014c      0x378 c:/ac6/systemworkbench/plugins/fr.ac6.mcu.externaltools.arm-none.win32_1.16.0.201807130628/tools/compiler/bin/../lib/gcc/arm-none-eabi/7.2.1/thumb/v7-m\libgcc.a(_arm_addsubdf3.o)
                0x0800014c                __aeabi_drsub
                0x08000154                __aeabi_dsub
                0x08000154                __subdf3
                0x08000158                __aeabi_dadd
                0x08000158                __adddf3
                0x080003d0                __floatunsidf
                0x080003d0                __aeabi_ui2d
                0x080003f0                __floatsidf
                0x080003f0                __aeabi_i2d
                0x08000414                __aeabi_f2d
                0x08000414                __extendsfdf2
                0x08000458                __floatundidf
                0x08000458                __aeabi_ul2d
                0x08000468                __floatdidf
                0x08000468                __aeabi_l2d
 .text          0x080004c4       0x40 c:/ac6/systemworkbench/plugins/fr.ac6.mcu.externaltools.arm-none.win32_1.16.0.201807130628/tools/compiler/bin/../lib/gcc/arm-none-eabi/7.2.1/thumb/v7-m\libgcc.a(_arm_fixunsdfsi.o)
                0x080004c4                __aeabi_d2uiz
                0x080004c4                __fixunsdfsi
 .text          0x08000504      0x21c c:/ac6/systemworkbench/plugins/fr.ac6.mcu.externaltools.arm-none.win32_1.16.0.201807130628/tools/compiler/bin/../lib/gcc/arm-none-eabi/7.2.1/thumb/v7-m\libgcc.a(_arm_addsubsf3.o)
                0x08000504                __aeabi_frsub
                0x0800050c                __subsf3
                0x0800050c                __aeabi_fsub
                0x08000510                __aeabi_fadd
                0x08000510                __addsf3
                0x08000670                __aeabi_ui2f
                0x08000670                __floatunsisf
                0x08000678                __aeabi_i2f
                0x08000678                __floatsisf
                0x08000694                __aeabi_ul2f
                0x08000694                __floatundisf
                0x080006a4                __aeabi_l2f
                0x080006a4                __floatdisf
 .text          0x08000720      0x2a0 c:/ac6/systemworkbench/plugins/fr.ac6.mcu.externaltools.arm-none.win32_1.16.0.201807130628/tools/compiler/bin/../lib/gcc/arm-none-eabi/7.2.1/thumb/v7-m\libgcc.a(_arm_muldivsf3.o)
                0x08000720                __mulsf3
                0x08000720                __aeabi_fmul
                0x08000888                __aeabi_fdiv
                0x08000888                __divsf3
 .text          0x080009c0       0x10 c:/ac6/systemworkbench/plugins/fr.ac6.mcu.externaltools.arm-none.win32_1.16.0.201807130628/tools/compiler/bin/../lib/gcc/arm-none-eabi/7.2.1/../../../../arm-none-eabi/lib/thumb/v7-m\libc_nano.a(lib_a-strlen.o)
                0x080009c0                strlen
 *(.text*)
 .text.HAL_InitTick
                0x080009d0       0x48 Drivers/STM32F1xx_HAL_Driver/Src/stm32f1xx_hal.o
                0x080009d0                HAL_InitTick
 .text.HAL_Init
                0x08000a18       0x24 Drivers/STM32F1xx_HAL_Driver/Src/stm32f1xx_hal.o
                0x08000a18                HAL_Init
 .text.HAL_IncTick
                0x08000a3c       0x18 Drivers/STM32F1xx_HAL_Driver/Src/stm32f1xx_hal.o
                0x08000a3c                HAL_IncTick
 .text.HAL_GetTick
                0x08000a54        0xc Drivers/STM32F1xx_HAL_Driver/Src/stm32f1xx_hal.o
                0x08000a54                HAL_GetTick
 .text.HAL_Delay
                0x08000a60       0x28 Drivers/STM32F1xx_HAL_Driver/Src/stm32f1xx_hal.o
                0x08000a60                HAL_Delay
 .text.HAL_ADC_PollForConversion
                0x08000a88      0x170 Drivers/STM32F1xx_HAL_Driver/Src/stm32f1xx_hal_adc.o
                0x08000a88                HAL_ADC_PollForConversion
 .text.HAL_ADC_GetValue
                0x08000bf8        0x6 Drivers/STM32F1xx_HAL_Driver/Src/stm32f1xx_hal_adc.o
                0x08000bf8                HAL_ADC_GetValue
 .text.ADC_DMAConvCplt
                0x08000bfe       0x52 Drivers/STM32F1xx_HAL_Driver/Src/stm32f1xx_hal_adc.o
                0x08000bfe                ADC_DMAConvCplt
 .text.ADC_DMAHalfConvCplt
                0x08000c50        0xa Drivers/STM32F1xx_HAL_Driver/Src/stm32f1xx_hal_adc.o
                0x08000c50                ADC_DMAHalfConvCplt
 .text.HAL_ADC_ErrorCallback
                0x08000c5a        0x2 Drivers/STM32F1xx_HAL_Driver/Src/stm32f1xx_hal_adc.o
                0x08000c5a                HAL_ADC_ErrorCallback
 .text.ADC_DMAError
                0x08000c5c       0x1a Drivers/STM32F1xx_HAL_Driver/Src/stm32f1xx_hal_adc.o
                0x08000c5c                ADC_DMAError
 *fill*         0x08000c76        0x2 
 .text.HAL_ADC_ConfigChannel
                0x08000c78      0x138 Drivers/STM32F1xx_HAL_Driver/Src/stm32f1xx_hal_adc.o
                0x08000c78                HAL_ADC_ConfigChannel
 .text.ADC_Enable
                0x08000db0       0x80 Drivers/STM32F1xx_HAL_Driver/Src/stm32f1xx_hal_adc.o
                0x08000db0                ADC_Enable
 .text.HAL_ADC_Start
                0x08000e30       0xec Drivers/STM32F1xx_HAL_Driver/Src/stm32f1xx_hal_adc.o
                0x08000e30                HAL_ADC_Start
 .text.HAL_ADC_Start_DMA
                0x08000f1c      0x130 Drivers/STM32F1xx_HAL_Driver/Src/stm32f1xx_hal_adc.o
                0x08000f1c                HAL_ADC_Start_DMA
 .text.ADC_ConversionStop_Disable
                0x0800104c       0x4c Drivers/STM32F1xx_HAL_Driver/Src/stm32f1xx_hal_adc.o
                0x0800104c                ADC_ConversionStop_Disable
 .text.HAL_ADC_Init
                0x08001098      0x110 Drivers/STM32F1xx_HAL_Driver/Src/stm32f1xx_hal_adc.o
                0x08001098                HAL_ADC_Init
 .text.HAL_ADC_Stop
                0x080011a8       0x3a Drivers/STM32F1xx_HAL_Driver/Src/stm32f1xx_hal_adc.o
                0x080011a8                HAL_ADC_Stop
 *fill*         0x080011e2        0x2 
 .text.HAL_ADCEx_Calibration_Start
                0x080011e4       0xec Drivers/STM32F1xx_HAL_Driver/Src/stm32f1xx_hal_adc_ex.o
                0x080011e4                HAL_ADCEx_Calibration_Start
 .text.HAL_NVIC_SetPriorityGrouping
                0x080012d0       0x24 Drivers/STM32F1xx_HAL_Driver/Src/stm32f1xx_hal_cortex.o
                0x080012d0                HAL_NVIC_SetPriorityGrouping
 .text.HAL_NVIC_SetPriority
                0x080012f4       0x68 Drivers/STM32F1xx_HAL_Driver/Src/stm32f1xx_hal_cortex.o
                0x080012f4                HAL_NVIC_SetPriority
 .text.HAL_NVIC_EnableIRQ
                0x0800135c       0x18 Drivers/STM32F1xx_HAL_Driver/Src/stm32f1xx_hal_cortex.o
                0x0800135c                HAL_NVIC_EnableIRQ
 .text.HAL_SYSTICK_Config
                0x08001374       0x2c Drivers/STM32F1xx_HAL_Driver/Src/stm32f1xx_hal_cortex.o
                0x08001374                HAL_SYSTICK_Config
 .text.HAL_SYSTICK_CLKSourceConfig
                0x080013a0       0x20 Drivers/STM32F1xx_HAL_Driver/Src/stm32f1xx_hal_cortex.o
                0x080013a0                HAL_SYSTICK_CLKSourceConfig
 .text.HAL_SYSTICK_Callback
                0x080013c0        0x2 Drivers/STM32F1xx_HAL_Driver/Src/stm32f1xx_hal_cortex.o
                0x080013c0                HAL_SYSTICK_Callback
 .text.HAL_SYSTICK_IRQHandler
                0x080013c2        0x8 Drivers/STM32F1xx_HAL_Driver/Src/stm32f1xx_hal_cortex.o
                0x080013c2                HAL_SYSTICK_IRQHandler
 .text.DMA_SetConfig
                0x080013ca       0x2c Drivers/STM32F1xx_HAL_Driver/Src/stm32f1xx_hal_dma.o
 *fill*         0x080013f6        0x2 
 .text.HAL_DMA_Init
                0x080013f8       0x78 Drivers/STM32F1xx_HAL_Driver/Src/stm32f1xx_hal_dma.o
                0x080013f8                HAL_DMA_Init
 .text.HAL_DMA_Start_IT
                0x08001470       0x74 Drivers/STM32F1xx_HAL_Driver/Src/stm32f1xx_hal_dma.o
                0x08001470                HAL_DMA_Start_IT
 .text.HAL_DMA_Abort_IT
                0x080014e4       0x98 Drivers/STM32F1xx_HAL_Driver/Src/stm32f1xx_hal_dma.o
                0x080014e4                HAL_DMA_Abort_IT
 .text.HAL_DMA_IRQHandler
                0x0800157c      0x144 Drivers/STM32F1xx_HAL_Driver/Src/stm32f1xx_hal_dma.o
                0x0800157c                HAL_DMA_IRQHandler
 .text.FLASH_Program_HalfWord
                0x080016c0       0x1c Drivers/STM32F1xx_HAL_Driver/Src/stm32f1xx_hal_flash.o
 .text.FLASH_SetErrorCode
                0x080016dc       0x74 Drivers/STM32F1xx_HAL_Driver/Src/stm32f1xx_hal_flash.o
 .text.HAL_FLASH_Unlock
                0x08001750       0x34 Drivers/STM32F1xx_HAL_Driver/Src/stm32f1xx_hal_flash.o
                0x08001750                HAL_FLASH_Unlock
 .text.HAL_FLASH_Lock
                0x08001784       0x14 Drivers/STM32F1xx_HAL_Driver/Src/stm32f1xx_hal_flash.o
                0x08001784                HAL_FLASH_Lock
 .text.FLASH_WaitForLastOperation
                0x08001798       0x6c Drivers/STM32F1xx_HAL_Driver/Src/stm32f1xx_hal_flash.o
                0x08001798                FLASH_WaitForLastOperation
 .text.HAL_FLASH_Program
                0x08001804       0x9c Drivers/STM32F1xx_HAL_Driver/Src/stm32f1xx_hal_flash.o
                0x08001804                HAL_FLASH_Program
 .text.FLASH_MassErase
                0x080018a0       0x24 Drivers/STM32F1xx_HAL_Driver/Src/stm32f1xx_hal_flash_ex.o
 .text.FLASH_PageErase
                0x080018c4       0x24 Drivers/STM32F1xx_HAL_Driver/Src/stm32f1xx_hal_flash_ex.o
                0x080018c4                FLASH_PageErase
 .text.HAL_FLASHEx_Erase
                0x080018e8       0xa4 Drivers/STM32F1xx_HAL_Driver/Src/stm32f1xx_hal_flash_ex.o
                0x080018e8                HAL_FLASHEx_Erase
 .text.HAL_GPIO_Init
                0x0800198c      0x1d4 Drivers/STM32F1xx_HAL_Driver/Src/stm32f1xx_hal_gpio.o
                0x0800198c                HAL_GPIO_Init
 .text.HAL_GPIO_ReadPin
                0x08001b60        0xe Drivers/STM32F1xx_HAL_Driver/Src/stm32f1xx_hal_gpio.o
                0x08001b60                HAL_GPIO_ReadPin
 .text.HAL_GPIO_WritePin
                0x08001b6e        0xc Drivers/STM32F1xx_HAL_Driver/Src/stm32f1xx_hal_gpio.o
                0x08001b6e                HAL_GPIO_WritePin
 *fill*         0x08001b7a        0x2 
 .text.RCC_Delay
                0x08001b7c       0x2c Drivers/STM32F1xx_HAL_Driver/Src/stm32f1xx_hal_rcc.o
 .text.HAL_RCC_OscConfig
                0x08001ba8      0x3dc Drivers/STM32F1xx_HAL_Driver/Src/stm32f1xx_hal_rcc.o
                0x08001ba8                HAL_RCC_OscConfig
 .text.HAL_RCC_GetSysClockFreq
                0x08001f84       0x70 Drivers/STM32F1xx_HAL_Driver/Src/stm32f1xx_hal_rcc.o
                0x08001f84                HAL_RCC_GetSysClockFreq
 .text.HAL_RCC_ClockConfig
                0x08001ff4      0x178 Drivers/STM32F1xx_HAL_Driver/Src/stm32f1xx_hal_rcc.o
                0x08001ff4                HAL_RCC_ClockConfig
 .text.HAL_RCC_GetHCLKFreq
                0x0800216c        0xc Drivers/STM32F1xx_HAL_Driver/Src/stm32f1xx_hal_rcc.o
                0x0800216c                HAL_RCC_GetHCLKFreq
 .text.HAL_RCC_GetPCLK1Freq
                0x08002178       0x20 Drivers/STM32F1xx_HAL_Driver/Src/stm32f1xx_hal_rcc.o
                0x08002178                HAL_RCC_GetPCLK1Freq
 .text.HAL_RCC_GetPCLK2Freq
                0x08002198       0x20 Drivers/STM32F1xx_HAL_Driver/Src/stm32f1xx_hal_rcc.o
                0x08002198                HAL_RCC_GetPCLK2Freq
 .text.HAL_RCCEx_PeriphCLKConfig
                0x080021b8      0x114 Drivers/STM32F1xx_HAL_Driver/Src/stm32f1xx_hal_rcc_ex.o
                0x080021b8                HAL_RCCEx_PeriphCLKConfig
 .text.HAL_RCCEx_GetPeriphCLKFreq
                0x080022cc       0xfc Drivers/STM32F1xx_HAL_Driver/Src/stm32f1xx_hal_rcc_ex.o
                0x080022cc                HAL_RCCEx_GetPeriphCLKFreq
 .text.TIM_OC1_SetConfig
                0x080023c8       0x5c Drivers/STM32F1xx_HAL_Driver/Src/stm32f1xx_hal_tim.o
 .text.TIM_OC3_SetConfig
                0x08002424       0x64 Drivers/STM32F1xx_HAL_Driver/Src/stm32f1xx_hal_tim.o
 .text.TIM_OC4_SetConfig
                0x08002488       0x48 Drivers/STM32F1xx_HAL_Driver/Src/stm32f1xx_hal_tim.o
 .text.TIM_TI1_ConfigInputStage
                0x080024d0       0x24 Drivers/STM32F1xx_HAL_Driver/Src/stm32f1xx_hal_tim.o
 .text.TIM_TI2_ConfigInputStage
                0x080024f4       0x26 Drivers/STM32F1xx_HAL_Driver/Src/stm32f1xx_hal_tim.o
 .text.TIM_ITRx_SetConfig
                0x0800251a       0x10 Drivers/STM32F1xx_HAL_Driver/Src/stm32f1xx_hal_tim.o
 .text.TIM_ETR_SetConfig
                0x0800252a       0x16 Drivers/STM32F1xx_HAL_Driver/Src/stm32f1xx_hal_tim.o
 .text.HAL_TIM_Base_Start
                0x08002540       0x1a Drivers/STM32F1xx_HAL_Driver/Src/stm32f1xx_hal_tim.o
                0x08002540                HAL_TIM_Base_Start
 .text.HAL_TIM_ConfigClockSource
                0x0800255a      0x108 Drivers/STM32F1xx_HAL_Driver/Src/stm32f1xx_hal_tim.o
                0x0800255a                HAL_TIM_ConfigClockSource
 *fill*         0x08002662        0x2 
 .text.TIM_Base_SetConfig
                0x08002664       0x74 Drivers/STM32F1xx_HAL_Driver/Src/stm32f1xx_hal_tim.o
                0x08002664                TIM_Base_SetConfig
 .text.HAL_TIM_Base_Init
                0x080026d8       0x32 Drivers/STM32F1xx_HAL_Driver/Src/stm32f1xx_hal_tim.o
                0x080026d8                HAL_TIM_Base_Init
 .text.HAL_TIM_PWM_Init
                0x0800270a       0x32 Drivers/STM32F1xx_HAL_Driver/Src/stm32f1xx_hal_tim.o
                0x0800270a                HAL_TIM_PWM_Init
 .text.TIM_OC2_SetConfig
                0x0800273c       0x64 Drivers/STM32F1xx_HAL_Driver/Src/stm32f1xx_hal_tim.o
                0x0800273c                TIM_OC2_SetConfig
 .text.HAL_TIM_PWM_ConfigChannel
                0x080027a0       0xdc Drivers/STM32F1xx_HAL_Driver/Src/stm32f1xx_hal_tim.o
                0x080027a0                HAL_TIM_PWM_ConfigChannel
 .text.TIM_CCxChannelCmd
                0x0800287c       0x1c Drivers/STM32F1xx_HAL_Driver/Src/stm32f1xx_hal_tim.o
                0x0800287c                TIM_CCxChannelCmd
 .text.HAL_TIM_PWM_Start
                0x08002898       0x30 Drivers/STM32F1xx_HAL_Driver/Src/stm32f1xx_hal_tim.o
                0x08002898                HAL_TIM_PWM_Start
 .text.HAL_TIMEx_MasterConfigSynchronization
                0x080028c8       0x52 Drivers/STM32F1xx_HAL_Driver/Src/stm32f1xx_hal_tim_ex.o
                0x080028c8                HAL_TIMEx_MasterConfigSynchronization
 .text.UART_EndTxTransfer
                0x0800291a       0x12 Drivers/STM32F1xx_HAL_Driver/Src/stm32f1xx_hal_uart.o
 .text.UART_EndRxTransfer
                0x0800292c       0x1c Drivers/STM32F1xx_HAL_Driver/Src/stm32f1xx_hal_uart.o
 .text.UART_Transmit_IT
                0x08002948       0x68 Drivers/STM32F1xx_HAL_Driver/Src/stm32f1xx_hal_uart.o
 .text.UART_SetConfig
                0x080029b0      0x1ac Drivers/STM32F1xx_HAL_Driver/Src/stm32f1xx_hal_uart.o
 .text.HAL_UART_Init
                0x08002b5c       0x5e Drivers/STM32F1xx_HAL_Driver/Src/stm32f1xx_hal_uart.o
                0x08002b5c                HAL_UART_Init
 *fill*         0x08002bba        0x2 
 .text.HAL_UART_Transmit_DMA
                0x08002bbc       0x8c Drivers/STM32F1xx_HAL_Driver/Src/stm32f1xx_hal_uart.o
                0x08002bbc                HAL_UART_Transmit_DMA
 .text.UART_DMATransmitCplt
                0x08002c48       0x30 Drivers/STM32F1xx_HAL_Driver/Src/stm32f1xx_hal_uart.o
 .text.UART_EndTransmit_IT
                0x08002c78       0x1a Drivers/STM32F1xx_HAL_Driver/Src/stm32f1xx_hal_uart.o
 .text.HAL_UART_TxHalfCpltCallback
                0x08002c92        0x2 Drivers/STM32F1xx_HAL_Driver/Src/stm32f1xx_hal_uart.o
                0x08002c92                HAL_UART_TxHalfCpltCallback
 .text.UART_DMATxHalfCplt
                0x08002c94        0xa Drivers/STM32F1xx_HAL_Driver/Src/stm32f1xx_hal_uart.o
 .text.HAL_UART_RxCpltCallback
                0x08002c9e        0x2 Drivers/STM32F1xx_HAL_Driver/Src/stm32f1xx_hal_uart.o
                0x08002c9e                HAL_UART_RxCpltCallback
 .text.UART_Receive_IT
                0x08002ca0       0x9c Drivers/STM32F1xx_HAL_Driver/Src/stm32f1xx_hal_uart.o
 .text.HAL_UART_ErrorCallback
                0x08002d3c        0x2 Drivers/STM32F1xx_HAL_Driver/Src/stm32f1xx_hal_uart.o
                0x08002d3c                HAL_UART_ErrorCallback
 .text.UART_DMAError
                0x08002d3e       0x58 Drivers/STM32F1xx_HAL_Driver/Src/stm32f1xx_hal_uart.o
 *fill*         0x08002d96        0x2 
 .text.HAL_UART_IRQHandler
                0x08002d98      0x120 Drivers/STM32F1xx_HAL_Driver/Src/stm32f1xx_hal_uart.o
                0x08002d98                HAL_UART_IRQHandler
 .text.UART_DMAAbortOnError
                0x08002eb8       0x10 Drivers/STM32F1xx_HAL_Driver/Src/stm32f1xx_hal_uart.o
 .text.deepstomp_modulesetup
                0x08002ec8       0x18 Src/deepstomp.o
                0x08002ec8                deepstomp_modulesetup
 .text.deepstomp_process
                0x08002ee0       0x14 Src/deepstomp.o
                0x08002ee0                deepstomp_process
 .text.setdelay
                0x08002ef4       0x1a Src/deepstomp_delay.o
 .text.setfeedback
                0x08002f0e       0x1e Src/deepstomp_delay.o
 .text.setbalance
                0x08002f2c       0x2c Src/deepstomp_delay.o
 .text.delayline
                0x08002f58       0x78 Src/deepstomp_delay.o
 .text.process  0x08002fd0       0x60 Src/deepstomp_delay.o
 .text.delay_setup
                0x08003030       0x9c Src/deepstomp_delay.o
                0x08003030                delay_setup
 .text.toneprocess
                0x080030cc       0x8c Src/deepstomp_distortion.o
 .text.setdistortion
                0x08003158       0x1c Src/deepstomp_distortion.o
 .text.settype  0x08003174       0x28 Src/deepstomp_distortion.o
 .text.settone  0x0800319c       0x14 Src/deepstomp_distortion.o
 .text.process  0x080031b0      0x118 Src/deepstomp_distortion.o
 .text.distortion_setup
                0x080032c8       0x98 Src/deepstomp_distortion.o
                0x080032c8                distortion_setup
 .text.levelfilter
                0x08003360       0x4c Src/deepstomp_expansor.o
 .text.setcompstart
                0x080033ac       0x4c Src/deepstomp_expansor.o
 .text.setonlevel
                0x080033f8       0x44 Src/deepstomp_expansor.o
 .text.setofflevel
                0x0800343c       0x44 Src/deepstomp_expansor.o
 .text.setcompression
                0x08003480       0x2c Src/deepstomp_expansor.o
 .text.setcompattack
                0x080034ac        0x8 Src/deepstomp_expansor.o
 .text.setcomprelease
                0x080034b4        0x8 Src/deepstomp_expansor.o
 .text.process  0x080034bc      0x13c Src/deepstomp_expansor.o
 .text.expansor_setup
                0x080035f8       0xf4 Src/deepstomp_expansor.o
                0x080035f8                expansor_setup
 .text.control1change
                0x080036ec       0x12 Src/deepstomp_modextension.o
 .text.control2change
                0x080036fe       0x14 Src/deepstomp_modextension.o
 *fill*         0x08003712        0x2 
 .text.modextension_setup
                0x08003714       0x74 Src/deepstomp_modextension.o
                0x08003714                modextension_setup
 .text.process  0x08003788       0x38 Src/deepstomp_multieffect.o
 .text.multieffect_setup
                0x080037c0       0x88 Src/deepstomp_multieffect.o
                0x080037c0                multieffect_setup
 .text.dst_dcremover_create
                0x08003848       0x1a Src/dstlib_dcremover.o
                0x08003848                dst_dcremover_create
 .text.dst_dcremover_process
                0x08003862       0x28 Src/dstlib_dcremover.o
                0x08003862                dst_dcremover_process
 .text.dst_leveldetector_create
                0x0800388a       0x1e Src/dstlib_leveldetector.o
                0x0800388a                dst_leveldetector_create
 .text.dst_leveldetector_process
                0x080038a8       0x66 Src/dstlib_leveldetector.o
                0x080038a8                dst_leveldetector_process
 *fill*         0x0800390e        0x2 
 .text.antialiasing
                0x08003910       0x58 Src/main.o
 .text.initantialiasing
                0x08003968       0x20 Src/main.o
 .text.multieffectpresetchange
                0x08003988       0x60 Src/main.o
 .text.multieffectmodulechange
                0x080039e8       0x50 Src/main.o
 .text.generatecalsignal
                0x08003a38       0x48 Src/main.o
 .text.errorblink
                0x08003a80       0xb0 Src/main.o
 .text.errorhalt
                0x08003b30       0xb4 Src/main.o
 .text.MX_GPIO_Init
                0x08003be4       0xe0 Src/main.o
 .text.MX_DMA_Init
                0x08003cc4       0x44 Src/main.o
 .text.MX_ADC1_Init
                0x08003d08       0xa8 Src/main.o
 .text.MX_ADC2_Init
                0x08003db0       0x44 Src/main.o
 .text.MX_TIM3_Init
                0x08003df4       0x4c Src/main.o
 .text.MX_TIM1_Init
                0x08003e40       0x4c Src/main.o
 .text.MX_USART1_UART_Init
                0x08003e8c       0x2c Src/main.o
 .text.MX_TIM4_Init
                0x08003eb8       0x6c Src/main.o
 .text.MX_TIM2_Init
                0x08003f24       0x54 Src/main.o
 .text.runstoragewrite
                0x08003f78       0xf4 Src/main.o
 .text.loadfromstorage
                0x0800406c       0x64 Src/main.o
                0x0800406c                loadfromstorage
 .text.writetostorage
                0x080040d0       0x10 Src/main.o
                0x080040d0                writetostorage
 .text.readrotsw
                0x080040e0       0x10 Src/main.o
                0x080040e0                readrotsw
 .text.readrotp0
                0x080040f0       0x14 Src/main.o
                0x080040f0                readrotp0
 .text.readrotp1
                0x08004104       0x14 Src/main.o
                0x08004104                readrotp1
 .text.rotscan  0x08004118       0xbc Src/main.o
                0x08004118                rotscan
 .text.rotencode
                0x080041d4      0x210 Src/main.o
                0x080041d4                rotencode
 .text.HAL_ADC_ConvCpltCallback
                0x080043e4       0xf4 Src/main.o
                0x080043e4                HAL_ADC_ConvCpltCallback
 .text.HAL_ADC_ConvHalfCpltCallback
                0x080044d8       0xf0 Src/main.o
                0x080044d8                HAL_ADC_ConvHalfCpltCallback
 .text.HAL_UART_TxCpltCallback
                0x080045c8       0x1c Src/main.o
                0x080045c8                HAL_UART_TxCpltCallback
 .text.serialdisplay
                0x080045e4       0x40 Src/main.o
                0x080045e4                serialdisplay
 .text.serialdisplayinit
                0x08004624       0x68 Src/main.o
                0x08004624                serialdisplayinit
 .text.displaydebuginfo
                0x0800468c      0x13c Src/main.o
                0x0800468c                displaydebuginfo
 .text.readcalinput
                0x080047c8       0x3c Src/main.o
                0x080047c8                readcalinput
 .text.calibratepwm
                0x08004804      0x130 Src/main.o
                0x08004804                calibratepwm
 .text.displaybar
                0x08004934      0x1bc Src/main.o
                0x08004934                displaybar
 .text.animatebar
                0x08004af0      0x13c Src/main.o
                0x08004af0                animatebar
 .text.indiblink
                0x08004c2c       0xec Src/main.o
                0x08004c2c                indiblink
 .text.indishowselect
                0x08004d18       0x14 Src/main.o
                0x08004d18                indishowselect
 .text.indishowedit
                0x08004d2c       0x14 Src/main.o
                0x08004d2c                indishowedit
 .text.indishowbutton
                0x08004d40       0x10 Src/main.o
                0x08004d40                indishowbutton
 .text.on_editenter
                0x08004d50       0x18 Src/main.o
                0x08004d50                on_editenter
 .text.on_editexit
                0x08004d68      0x194 Src/main.o
                0x08004d68                on_editexit
 .text.menu     0x08004efc      0x21c Src/main.o
                0x08004efc                menu
 .text.SystemClock_Config
                0x08005118       0x78 Src/main.o
                0x08005118                SystemClock_Config
 .text.main     0x08005190      0x2e8 Src/main.o
                0x08005190                main
 .text._Error_Handler
                0x08005478        0x2 Src/main.o
                0x08005478                _Error_Handler
 *fill*         0x0800547a        0x2 
 .text.HAL_MspInit
                0x0800547c       0x90 Src/stm32f1xx_hal_msp.o
                0x0800547c                HAL_MspInit
 .text.HAL_ADC_MspInit
                0x0800550c       0xc0 Src/stm32f1xx_hal_msp.o
                0x0800550c                HAL_ADC_MspInit
 .text.HAL_TIM_Base_MspInit
                0x080055cc       0x6c Src/stm32f1xx_hal_msp.o
                0x080055cc                HAL_TIM_Base_MspInit
 .text.HAL_TIM_PWM_MspInit
                0x08005638       0x26 Src/stm32f1xx_hal_msp.o
                0x08005638                HAL_TIM_PWM_MspInit
 *fill*         0x0800565e        0x2 
 .text.HAL_TIM_MspPostInit
                0x08005660       0x64 Src/stm32f1xx_hal_msp.o
                0x08005660                HAL_TIM_MspPostInit
 .text.HAL_UART_MspInit
                0x080056c4       0xb0 Src/stm32f1xx_hal_msp.o
                0x080056c4                HAL_UART_MspInit
 .text.NMI_Handler
                0x08005774        0x2 Src/stm32f1xx_it.o
                0x08005774                NMI_Handler
 .text.HardFault_Handler
                0x08005776        0x2 Src/stm32f1xx_it.o
                0x08005776                HardFault_Handler
 .text.MemManage_Handler
                0x08005778        0x2 Src/stm32f1xx_it.o
                0x08005778                MemManage_Handler
 .text.BusFault_Handler
                0x0800577a        0x2 Src/stm32f1xx_it.o
                0x0800577a                BusFault_Handler
 .text.UsageFault_Handler
                0x0800577c        0x2 Src/stm32f1xx_it.o
                0x0800577c                UsageFault_Handler
 .text.SVC_Handler
                0x0800577e        0x2 Src/stm32f1xx_it.o
                0x0800577e                SVC_Handler
 .text.DebugMon_Handler
                0x08005780        0x2 Src/stm32f1xx_it.o
                0x08005780                DebugMon_Handler
 .text.PendSV_Handler
                0x08005782        0x2 Src/stm32f1xx_it.o
                0x08005782                PendSV_Handler
 .text.SysTick_Handler
                0x08005784        0xc Src/stm32f1xx_it.o
                0x08005784                SysTick_Handler
 .text.DMA1_Channel1_IRQHandler
                0x08005790       0x10 Src/stm32f1xx_it.o
                0x08005790                DMA1_Channel1_IRQHandler
 .text.DMA1_Channel4_IRQHandler
                0x080057a0       0x10 Src/stm32f1xx_it.o
                0x080057a0                DMA1_Channel4_IRQHandler
 .text.USART1_IRQHandler
                0x080057b0       0x10 Src/stm32f1xx_it.o
                0x080057b0                USART1_IRQHandler
 .text.SystemInit
                0x080057c0       0x4c Src/system_stm32f1xx.o
                0x080057c0                SystemInit
 .text.Reset_Handler
                0x0800580c       0x48 startup/startup_stm32f103xb.o
                0x0800580c                Reset_Handler
 .text.Default_Handler
                0x08005854        0x2 startup/startup_stm32f103xb.o
                0x08005854                RTC_Alarm_IRQHandler
                0x08005854                EXTI2_IRQHandler
                0x08005854                TIM1_CC_IRQHandler
                0x08005854                PVD_IRQHandler
                0x08005854                EXTI3_IRQHandler
                0x08005854                EXTI0_IRQHandler
                0x08005854                I2C2_EV_IRQHandler
                0x08005854                ADC1_2_IRQHandler
                0x08005854                SPI1_IRQHandler
                0x08005854                TAMPER_IRQHandler
                0x08005854                USART3_IRQHandler
                0x08005854                RTC_IRQHandler
                0x08005854                DMA1_Channel7_IRQHandler
                0x08005854                CAN1_RX1_IRQHandler
                0x08005854                TIM4_IRQHandler
                0x08005854                I2C1_EV_IRQHandler
                0x08005854                DMA1_Channel6_IRQHandler
                0x08005854                TIM3_IRQHandler
                0x08005854                RCC_IRQHandler
                0x08005854                TIM1_TRG_COM_IRQHandler
                0x08005854                Default_Handler
                0x08005854                EXTI15_10_IRQHandler
                0x08005854                EXTI9_5_IRQHandler
                0x08005854                SPI2_IRQHandler
                0x08005854                DMA1_Channel5_IRQHandler
                0x08005854                EXTI4_IRQHandler
                0x08005854                USB_LP_CAN1_RX0_IRQHandler
                0x08005854                USB_HP_CAN1_TX_IRQHandler
                0x08005854                DMA1_Channel3_IRQHandler
                0x08005854                TIM1_UP_IRQHandler
                0x08005854                WWDG_IRQHandler
                0x08005854                TIM2_IRQHandler
                0x08005854                TIM1_BRK_IRQHandler
                0x08005854                EXTI1_IRQHandler
                0x08005854                USART2_IRQHandler
                0x08005854                I2C2_ER_IRQHandler
                0x08005854                DMA1_Channel2_IRQHandler
                0x08005854                CAN1_SCE_IRQHandler
                0x08005854                FLASH_IRQHandler
                0x08005854                I2C1_ER_IRQHandler
                0x08005854                USBWakeUp_IRQHandler
 *fill*         0x08005856        0x2 
 .text.arm_abs_q15
                0x08005858       0xb4 C:\PROJECTFILES\STM32WB\deepstomp\Lib\CMSIS\GCC\libarm_cortexM3l_math.a(arm_abs_q15.o)
                0x08005858                arm_abs_q15
 .text.round    0x0800590c       0x9c c:/ac6/systemworkbench/plugins/fr.ac6.mcu.externaltools.arm-none.win32_1.16.0.201807130628/tools/compiler/bin/../lib/gcc/arm-none-eabi/7.2.1/../../../../arm-none-eabi/lib/thumb/v7-m\libm.a(lib_a-s_round.o)
                0x0800590c                round
 .text.__libc_init_array
                0x080059a8       0x48 c:/ac6/systemworkbench/plugins/fr.ac6.mcu.externaltools.arm-none.win32_1.16.0.201807130628/tools/compiler/bin/../lib/gcc/arm-none-eabi/7.2.1/../../../../arm-none-eabi/lib/thumb/v7-m\libc_nano.a(lib_a-init.o)
                0x080059a8                __libc_init_array
 .text.malloc   0x080059f0       0x10 c:/ac6/systemworkbench/plugins/fr.ac6.mcu.externaltools.arm-none.win32_1.16.0.201807130628/tools/compiler/bin/../lib/gcc/arm-none-eabi/7.2.1/../../../../arm-none-eabi/lib/thumb/v7-m\libc_nano.a(lib_a-malloc.o)
                0x080059f0                malloc
 .text._free_r  0x08005a00       0x98 c:/ac6/systemworkbench/plugins/fr.ac6.mcu.externaltools.arm-none.win32_1.16.0.201807130628/tools/compiler/bin/../lib/gcc/arm-none-eabi/7.2.1/../../../../arm-none-eabi/lib/thumb/v7-m\libc_nano.a(lib_a-nano-freer.o)
                0x08005a00                _free_r
 .text._malloc_r
                0x08005a98       0xb4 c:/ac6/systemworkbench/plugins/fr.ac6.mcu.externaltools.arm-none.win32_1.16.0.201807130628/tools/compiler/bin/../lib/gcc/arm-none-eabi/7.2.1/../../../../arm-none-eabi/lib/thumb/v7-m\libc_nano.a(lib_a-nano-mallocr.o)
                0x08005a98                _malloc_r
 .text._sbrk_r  0x08005b4c       0x20 c:/ac6/systemworkbench/plugins/fr.ac6.mcu.externaltools.arm-none.win32_1.16.0.201807130628/tools/compiler/bin/../lib/gcc/arm-none-eabi/7.2.1/../../../../arm-none-eabi/lib/thumb/v7-m\libc_nano.a(lib_a-sbrkr.o)
                0x08005b4c                _sbrk_r
 .text.snprintf
                0x08005b6c       0x68 c:/ac6/systemworkbench/plugins/fr.ac6.mcu.externaltools.arm-none.win32_1.16.0.201807130628/tools/compiler/bin/../lib/gcc/arm-none-eabi/7.2.1/../../../../arm-none-eabi/lib/thumb/v7-m\libc_nano.a(lib_a-snprintf.o)
                0x08005b6c                sniprintf
                0x08005b6c                snprintf
 .text.strncpy  0x08005bd4       0x2a c:/ac6/systemworkbench/plugins/fr.ac6.mcu.externaltools.arm-none.win32_1.16.0.201807130628/tools/compiler/bin/../lib/gcc/arm-none-eabi/7.2.1/../../../../arm-none-eabi/lib/thumb/v7-m\libc_nano.a(lib_a-strncpy.o)
                0x08005bd4                strncpy
 .text.__malloc_lock
                0x08005bfe        0x2 c:/ac6/systemworkbench/plugins/fr.ac6.mcu.externaltools.arm-none.win32_1.16.0.201807130628/tools/compiler/bin/../lib/gcc/arm-none-eabi/7.2.1/../../../../arm-none-eabi/lib/thumb/v7-m\libc_nano.a(lib_a-mlock.o)
                0x08005bfe                __malloc_lock
 .text.__malloc_unlock
                0x08005c00        0x2 c:/ac6/systemworkbench/plugins/fr.ac6.mcu.externaltools.arm-none.win32_1.16.0.201807130628/tools/compiler/bin/../lib/gcc/arm-none-eabi/7.2.1/../../../../arm-none-eabi/lib/thumb/v7-m\libc_nano.a(lib_a-mlock.o)
                0x08005c00                __malloc_unlock
 .text.__ssputs_r
                0x08005c02       0xb4 c:/ac6/systemworkbench/plugins/fr.ac6.mcu.externaltools.arm-none.win32_1.16.0.201807130628/tools/compiler/bin/../lib/gcc/arm-none-eabi/7.2.1/../../../../arm-none-eabi/lib/thumb/v7-m\libc_nano.a(lib_a-nano-svfprintf.o)
                0x08005c02                __ssputs_r
 *fill*         0x08005cb6        0x2 
 .text._svfprintf_r
                0x08005cb8      0x1ec c:/ac6/systemworkbench/plugins/fr.ac6.mcu.externaltools.arm-none.win32_1.16.0.201807130628/tools/compiler/bin/../lib/gcc/arm-none-eabi/7.2.1/../../../../arm-none-eabi/lib/thumb/v7-m\libc_nano.a(lib_a-nano-svfprintf.o)
                0x08005cb8                _svfiprintf_r
                0x08005cb8                _svfprintf_r
 .text._printf_common
                0x08005ea4       0xec c:/ac6/systemworkbench/plugins/fr.ac6.mcu.externaltools.arm-none.win32_1.16.0.201807130628/tools/compiler/bin/../lib/gcc/arm-none-eabi/7.2.1/../../../../arm-none-eabi/lib/thumb/v7-m\libc_nano.a(lib_a-nano-vfprintf_i.o)
                0x08005ea4                _printf_common
 .text._printf_i
                0x08005f90      0x224 c:/ac6/systemworkbench/plugins/fr.ac6.mcu.externaltools.arm-none.win32_1.16.0.201807130628/tools/compiler/bin/../lib/gcc/arm-none-eabi/7.2.1/../../../../arm-none-eabi/lib/thumb/v7-m\libc_nano.a(lib_a-nano-vfprintf_i.o)
                0x08005f90                _printf_i
 .text.memchr   0x080061b4       0x1c c:/ac6/systemworkbench/plugins/fr.ac6.mcu.externaltools.arm-none.win32_1.16.0.201807130628/tools/compiler/bin/../lib/gcc/arm-none-eabi/7.2.1/../../../../arm-none-eabi/lib/thumb/v7-m\libc_nano.a(lib_a-memchr-stub.o)
                0x080061b4                memchr
 .text.memcpy   0x080061d0       0x16 c:/ac6/systemworkbench/plugins/fr.ac6.mcu.externaltools.arm-none.win32_1.16.0.201807130628/tools/compiler/bin/../lib/gcc/arm-none-eabi/7.2.1/../../../../arm-none-eabi/lib/thumb/v7-m\libc_nano.a(lib_a-memcpy-stub.o)
                0x080061d0                memcpy
 .text.memmove  0x080061e6       0x32 c:/ac6/systemworkbench/plugins/fr.ac6.mcu.externaltools.arm-none.win32_1.16.0.201807130628/tools/compiler/bin/../lib/gcc/arm-none-eabi/7.2.1/../../../../arm-none-eabi/lib/thumb/v7-m\libc_nano.a(lib_a-memmove.o)
                0x080061e6                memmove
 .text._realloc_r
                0x08006218       0x4c c:/ac6/systemworkbench/plugins/fr.ac6.mcu.externaltools.arm-none.win32_1.16.0.201807130628/tools/compiler/bin/../lib/gcc/arm-none-eabi/7.2.1/../../../../arm-none-eabi/lib/thumb/v7-m\libc_nano.a(lib_a-nano-reallocr.o)
                0x08006218                _realloc_r
 .text._malloc_usable_size_r
                0x08006264       0x10 c:/ac6/systemworkbench/plugins/fr.ac6.mcu.externaltools.arm-none.win32_1.16.0.201807130628/tools/compiler/bin/../lib/gcc/arm-none-eabi/7.2.1/../../../../arm-none-eabi/lib/thumb/v7-m\libc_nano.a(lib_a-nano-msizer.o)
                0x08006264                _malloc_usable_size_r
 .text._sbrk    0x08006274       0x1c c:/ac6/systemworkbench/plugins/fr.ac6.mcu.externaltools.arm-none.win32_1.16.0.201807130628/tools/compiler/bin/../lib/gcc/arm-none-eabi/7.2.1/../../../../arm-none-eabi/lib/thumb/v7-m\libnosys.a(sbrk.o)
                0x08006274                _sbrk
 *(.glue_7)
 .glue_7        0x08006290        0x0 linker stubs
 *(.glue_7t)
 .glue_7t       0x08006290        0x0 linker stubs
 *(.eh_frame)
 .eh_frame      0x08006290        0x0 c:/ac6/systemworkbench/plugins/fr.ac6.mcu.externaltools.arm-none.win32_1.16.0.201807130628/tools/compiler/bin/../lib/gcc/arm-none-eabi/7.2.1/thumb/v7-m/crtbegin.o
 *(.init)
 .init          0x08006290        0x4 c:/ac6/systemworkbench/plugins/fr.ac6.mcu.externaltools.arm-none.win32_1.16.0.201807130628/tools/compiler/bin/../lib/gcc/arm-none-eabi/7.2.1/thumb/v7-m/crti.o
                0x08006290                _init
 .init          0x08006294        0x8 c:/ac6/systemworkbench/plugins/fr.ac6.mcu.externaltools.arm-none.win32_1.16.0.201807130628/tools/compiler/bin/../lib/gcc/arm-none-eabi/7.2.1/thumb/v7-m/crtn.o
 *(.fini)
 .fini          0x0800629c        0x4 c:/ac6/systemworkbench/plugins/fr.ac6.mcu.externaltools.arm-none.win32_1.16.0.201807130628/tools/compiler/bin/../lib/gcc/arm-none-eabi/7.2.1/thumb/v7-m/crti.o
                0x0800629c                _fini
 .fini          0x080062a0        0x8 c:/ac6/systemworkbench/plugins/fr.ac6.mcu.externaltools.arm-none.win32_1.16.0.201807130628/tools/compiler/bin/../lib/gcc/arm-none-eabi/7.2.1/thumb/v7-m/crtn.o
                0x080062a8                . = ALIGN (0x4)
                0x080062a8                _etext = .

.vfp11_veneer   0x080062a8        0x0
 .vfp11_veneer  0x080062a8        0x0 linker stubs

.v4_bx          0x080062a8        0x0
 .v4_bx         0x080062a8        0x0 linker stubs

.iplt           0x080062a8        0x0
 .iplt          0x080062a8        0x0 c:/ac6/systemworkbench/plugins/fr.ac6.mcu.externaltools.arm-none.win32_1.16.0.201807130628/tools/compiler/bin/../lib/gcc/arm-none-eabi/7.2.1/thumb/v7-m/crtbegin.o

.rodata         0x080062a8      0x7c0
                0x080062a8                . = ALIGN (0x4)
 *(.rodata)
 .rodata        0x080062a8       0x12 Drivers/STM32F1xx_HAL_Driver/Src/stm32f1xx_hal_rcc.o
 *fill*         0x080062ba        0x2 
 .rodata        0x080062bc       0x12 Drivers/STM32F1xx_HAL_Driver/Src/stm32f1xx_hal_rcc_ex.o
 *fill*         0x080062ce        0x2 
 .rodata        0x080062d0      0x320 Src/deepstomp.o
                0x080062d0                DEFAULTPRESET
 .rodata        0x080065f0      0x206 Src/deepstomp_distortion.o
 *fill*         0x080067f6        0x2 
 .rodata        0x080067f8       0x26 Src/deepstomp_expansor.o
 *fill*         0x0800681e        0x2 
 .rodata        0x08006820       0x20 Src/main.o
                0x08006820                ledindipin
                0x0800682c                ledbarpin
 .rodata        0x08006840       0x18 Src/system_stm32f1xx.o
                0x08006840                AHBPrescTable
                0x08006850                APBPrescTable
 *(.rodata*)
 .rodata.str1.4
                0x08006858       0x36 Src/deepstomp_delay.o
 *fill*         0x0800688e        0x2 
 .rodata.str1.4
                0x08006890       0x40 Src/deepstomp_distortion.o
 .rodata.str1.4
                0x080068d0       0x69 Src/deepstomp_expansor.o
 *fill*         0x08006939        0x3 
 .rodata.str1.4
                0x0800693c        0xf Src/deepstomp_multieffect.o
 *fill*         0x0800694b        0x1 
 .rodata.str1.4
                0x0800694c       0xc9 Src/main.o
 *fill*         0x08006a15        0x3 
 .rodata.str1.4
                0x08006a18       0x1c Src/stm32f1xx_hal_msp.o
                                 0x1b (size before relaxing)
 .rodata._svfprintf_r.str1.1
                0x08006a34       0x11 c:/ac6/systemworkbench/plugins/fr.ac6.mcu.externaltools.arm-none.win32_1.16.0.201807130628/tools/compiler/bin/../lib/gcc/arm-none-eabi/7.2.1/../../../../arm-none-eabi/lib/thumb/v7-m\libc_nano.a(lib_a-nano-svfprintf.o)
 .rodata._printf_i.str1.1
                0x08006a45       0x22 c:/ac6/systemworkbench/plugins/fr.ac6.mcu.externaltools.arm-none.win32_1.16.0.201807130628/tools/compiler/bin/../lib/gcc/arm-none-eabi/7.2.1/../../../../arm-none-eabi/lib/thumb/v7-m\libc_nano.a(lib_a-nano-vfprintf_i.o)
                0x08006a68                . = ALIGN (0x4)
 *fill*         0x08006a67        0x1 

.rel.dyn        0x08006a68        0x0
 .rel.iplt      0x08006a68        0x0 c:/ac6/systemworkbench/plugins/fr.ac6.mcu.externaltools.arm-none.win32_1.16.0.201807130628/tools/compiler/bin/../lib/gcc/arm-none-eabi/7.2.1/thumb/v7-m/crtbegin.o

.ARM.extab
 *(.ARM.extab* .gnu.linkonce.armextab.*)

.ARM            0x08006a68        0x0
                0x08006a68                __exidx_start = .
 *(.ARM.exidx*)
                0x08006a68                __exidx_end = .

.preinit_array  0x08006a68        0x0
                0x08006a68                PROVIDE (__preinit_array_start, .)
 *(.preinit_array*)
                0x08006a68                PROVIDE (__preinit_array_end, .)

.init_array     0x08006a68        0x4
                0x08006a68                PROVIDE (__init_array_start, .)
 *(SORT_BY_NAME(.init_array.*))
 *(.init_array*)
 .init_array    0x08006a68        0x4 c:/ac6/systemworkbench/plugins/fr.ac6.mcu.externaltools.arm-none.win32_1.16.0.201807130628/tools/compiler/bin/../lib/gcc/arm-none-eabi/7.2.1/thumb/v7-m/crtbegin.o
                0x08006a6c                PROVIDE (__init_array_end, .)

.fini_array     0x08006a6c        0x4
                [!provide]                PROVIDE (__fini_array_start, .)
 *(SORT_BY_NAME(.fini_array.*))
 *(.fini_array*)
 .fini_array    0x08006a6c        0x4 c:/ac6/systemworkbench/plugins/fr.ac6.mcu.externaltools.arm-none.win32_1.16.0.201807130628/tools/compiler/bin/../lib/gcc/arm-none-eabi/7.2.1/thumb/v7-m/crtbegin.o
                [!provide]                PROVIDE (__fini_array_end, .)
                0x08006a70                _sidata = LOADADDR (.data)

.data           0x20000000       0xd4 load address 0x08006a70
                0x20000000                . = ALIGN (0x4)
                0x20000000                _sdata = .
 *(.data)
 .data          0x20000000        0x8 Drivers/STM32F1xx_HAL_Driver/Src/stm32f1xx_hal.o
                0x20000000                uwTickFreq
                0x20000004                uwTickPrio
 .data          0x20000008       0x64 Src/main.o
                0x20000008                calsignalcurrlevel
                0x2000000c                ledbarport
                0x20000034                ledindiport
                0x2000004c                storagepageaddress
                0x2000005c                rotsw
                0x2000005d                rotp0
                0x2000005e                rotp1
                0x2000005f                serialtxcomplete
                0x20000060                blinkon
                0x20000064                displaysize
                0x20000068                rxbuffsize
 .data          0x2000006c        0x4 Src/system_stm32f1xx.o
                0x2000006c                SystemCoreClock
 *(.data*)
 .data._impure_ptr
                0x20000070        0x4 c:/ac6/systemworkbench/plugins/fr.ac6.mcu.externaltools.arm-none.win32_1.16.0.201807130628/tools/compiler/bin/../lib/gcc/arm-none-eabi/7.2.1/../../../../arm-none-eabi/lib/thumb/v7-m\libc_nano.a(lib_a-impure.o)
                0x20000070                _impure_ptr
 .data.impure_data
                0x20000074       0x60 c:/ac6/systemworkbench/plugins/fr.ac6.mcu.externaltools.arm-none.win32_1.16.0.201807130628/tools/compiler/bin/../lib/gcc/arm-none-eabi/7.2.1/../../../../arm-none-eabi/lib/thumb/v7-m\libc_nano.a(lib_a-impure.o)
                0x200000d4                . = ALIGN (0x4)
                0x200000d4                _edata = .

.igot.plt       0x200000d4        0x0 load address 0x08006b44
 .igot.plt      0x200000d4        0x0 c:/ac6/systemworkbench/plugins/fr.ac6.mcu.externaltools.arm-none.win32_1.16.0.201807130628/tools/compiler/bin/../lib/gcc/arm-none-eabi/7.2.1/thumb/v7-m/crtbegin.o
                0x200000d4                . = ALIGN (0x4)

.bss            0x200000d8      0xb34 load address 0x08006b44
                0x200000d8                _sbss = .
                0x200000d8                __bss_start__ = _sbss
 *(.bss)
 .bss           0x200000d8       0x1c c:/ac6/systemworkbench/plugins/fr.ac6.mcu.externaltools.arm-none.win32_1.16.0.201807130628/tools/compiler/bin/../lib/gcc/arm-none-eabi/7.2.1/thumb/v7-m/crtbegin.o
 .bss           0x200000f4      0x3d8 Src/main.o
                0x2000010c                calsignalstate
                0x20000110                storagewrite_currtick
                0x20000114                storagewrite_prevtick
                0x20000118                writestate
                0x20000119                requeststorageupdate
                0x2000011c                rotscan_currtick
                0x20000120                rotscan_prevtick
                0x20000124                rotsw_sum
                0x20000125                rotp0_sum
                0x20000126                rotp1_sum
                0x20000127                rotscancount
                0x2000014c                adccounter
                0x20000150                CALIBRATIONMODE
                0x20000154                onechannelsum
                0x20000158                allchannelsum
                0x2000015c                cpucount
                0x2000015e                insample
                0x20000160                outsample
                0x20000164                displaydebug_currtick
                0x20000168                displaydebug_prevtick
                0x2000016c                histep
                0x20000170                calibcount
                0x20000174                lostep
                0x20000178                animatebar_currtick
                0x2000017c                animatebar_prevtick
                0x20000180                RUNTIME
                0x20000184                bardisplaychannel
                0x20000187                animatebar_state
                0x20000188                animateindi_currtick
                0x2000018c                animateindi_prevtick
                0x20000190                indiblinktype
                0x20000191                indiblinkoncounter
                0x20000194                ledindibuttonstate
                0x2000019a                indiblinkindex
                0x2000019c                menu_currtick
                0x200001a0                menu_prevtick
                0x200001a4                menustate
                0x200001a5                animateindi_state
                0x200001a6                rotwaitexit
                0x200001a8                rxbuffindex
 *(.bss*)
 .bss.__malloc_free_list
                0x200004cc        0x4 c:/ac6/systemworkbench/plugins/fr.ac6.mcu.externaltools.arm-none.win32_1.16.0.201807130628/tools/compiler/bin/../lib/gcc/arm-none-eabi/7.2.1/../../../../arm-none-eabi/lib/thumb/v7-m\libc_nano.a(lib_a-nano-mallocr.o)
                0x200004cc                __malloc_free_list
 .bss.__malloc_sbrk_start
                0x200004d0        0x4 c:/ac6/systemworkbench/plugins/fr.ac6.mcu.externaltools.arm-none.win32_1.16.0.201807130628/tools/compiler/bin/../lib/gcc/arm-none-eabi/7.2.1/../../../../arm-none-eabi/lib/thumb/v7-m\libc_nano.a(lib_a-nano-mallocr.o)
                0x200004d0                __malloc_sbrk_start
 .bss.heap_end.4102
                0x200004d4        0x4 c:/ac6/systemworkbench/plugins/fr.ac6.mcu.externaltools.arm-none.win32_1.16.0.201807130628/tools/compiler/bin/../lib/gcc/arm-none-eabi/7.2.1/../../../../arm-none-eabi/lib/thumb/v7-m\libnosys.a(sbrk.o)
 *(COMMON)
 COMMON         0x200004d8        0x4 Drivers/STM32F1xx_HAL_Driver/Src/stm32f1xx_hal.o
                0x200004d8                uwTick
 *fill*         0x200004dc        0x4 
 COMMON         0x200004e0       0x20 Drivers/STM32F1xx_HAL_Driver/Src/stm32f1xx_hal_flash.o
                0x200004e0                pFlash
 COMMON         0x20000500      0x1e4 Src/deepstomp.o
                0x20000500                module
                0x200006c4                MAINMODULE
                0x200006c8                DEBUGTEXT
                0x200006cc                DEBUGVARS
 COMMON         0x200006e4      0x524 Src/main.o
                0x200006e4                prevparamvalue
                0x200006e8                PRESETBUFFER
                0x200006ec                PARAMS
                0x20000704                htim4
                0x20000744                txbuff
                0x2000095c                hadc2
                0x2000098c                paramdump
                0x20000998                activepageindex
                0x2000099c                storagewriteindex
                0x200009a0                paramlevel
                0x200009a4                display
                0x200009a8                htim3
                0x200009e8                datasetlength
                0x200009ec                datasetindex
                0x200009f0                hdma_usart1_tx
                0x20000a34                hadc1
                0x20000a64                EDITEXITSTATUS
                0x20000a66                INPUTLEVEL
                0x20000a68                linebuffer
                0x20000a9c                huart1
                0x20000adc                storagecounter
                0x20000ae0                SUBMODULE
                0x20000ae4                dcremover
                0x20000ae8                hdma_adc1
                0x20000b2c                htim1
                0x20000b6c                adcbuffer
                0x20000b8c                storagebuffer
                0x20000b90                rxbuff
                0x20000bb8                barstate
                0x20000bc2                rxchar
                0x20000bc4                htim2
                0x20000c04                leveldetector
 COMMON         0x20000c08        0x4 c:/ac6/systemworkbench/plugins/fr.ac6.mcu.externaltools.arm-none.win32_1.16.0.201807130628/tools/compiler/bin/../lib/gcc/arm-none-eabi/7.2.1/../../../../arm-none-eabi/lib/thumb/v7-m\libc_nano.a(lib_a-reent.o)
                0x20000c08                errno
                0x20000c0c                . = ALIGN (0x4)
                0x20000c0c                _ebss = .
                0x20000c0c                __bss_end__ = _ebss

._user_heap_stack
                0x20000c0c      0x604 load address 0x08006b44
                0x20000c10                . = ALIGN (0x8)
 *fill*         0x20000c0c        0x4 
                0x20000c10                PROVIDE (end, .)
                [!provide]                PROVIDE (_end, .)
                0x20000e10                . = (. + _Min_Heap_Size)
 *fill*         0x20000c10      0x200 
                0x20001210                . = (. + _Min_Stack_Size)
 *fill*         0x20000e10      0x400 
                0x20001210                . = ALIGN (0x8)

/DISCARD/
 libc.a(*)
 libm.a(*)
 libgcc.a(*)

.ARM.attributes
                0x00000000       0x29
 *(.ARM.attributes)
 .ARM.attributes
                0x00000000       0x1d c:/ac6/systemworkbench/plugins/fr.ac6.mcu.externaltools.arm-none.win32_1.16.0.201807130628/tools/compiler/bin/../lib/gcc/arm-none-eabi/7.2.1/thumb/v7-m/crti.o
 .ARM.attributes
                0x0000001d       0x2d c:/ac6/systemworkbench/plugins/fr.ac6.mcu.externaltools.arm-none.win32_1.16.0.201807130628/tools/compiler/bin/../lib/gcc/arm-none-eabi/7.2.1/thumb/v7-m/crtbegin.o
 .ARM.attributes
                0x0000004a       0x33 Drivers/STM32F1xx_HAL_Driver/Src/stm32f1xx_hal.o
 .ARM.attributes
                0x0000007d       0x33 Drivers/STM32F1xx_HAL_Driver/Src/stm32f1xx_hal_adc.o
 .ARM.attributes
                0x000000b0       0x33 Drivers/STM32F1xx_HAL_Driver/Src/stm32f1xx_hal_adc_ex.o
 .ARM.attributes
                0x000000e3       0x33 Drivers/STM32F1xx_HAL_Driver/Src/stm32f1xx_hal_cortex.o
 .ARM.attributes
                0x00000116       0x33 Drivers/STM32F1xx_HAL_Driver/Src/stm32f1xx_hal_dma.o
 .ARM.attributes
                0x00000149       0x33 Drivers/STM32F1xx_HAL_Driver/Src/stm32f1xx_hal_flash.o
 .ARM.attributes
                0x0000017c       0x33 Drivers/STM32F1xx_HAL_Driver/Src/stm32f1xx_hal_flash_ex.o
 .ARM.attributes
                0x000001af       0x33 Drivers/STM32F1xx_HAL_Driver/Src/stm32f1xx_hal_gpio.o
 .ARM.attributes
                0x000001e2       0x33 Drivers/STM32F1xx_HAL_Driver/Src/stm32f1xx_hal_rcc.o
 .ARM.attributes
                0x00000215       0x33 Drivers/STM32F1xx_HAL_Driver/Src/stm32f1xx_hal_rcc_ex.o
 .ARM.attributes
                0x00000248       0x33 Drivers/STM32F1xx_HAL_Driver/Src/stm32f1xx_hal_tim.o
 .ARM.attributes
                0x0000027b       0x33 Drivers/STM32F1xx_HAL_Driver/Src/stm32f1xx_hal_tim_ex.o
 .ARM.attributes
                0x000002ae       0x33 Drivers/STM32F1xx_HAL_Driver/Src/stm32f1xx_hal_uart.o
 .ARM.attributes
                0x000002e1       0x33 Src/deepstomp.o
 .ARM.attributes
                0x00000314       0x33 Src/deepstomp_delay.o
 .ARM.attributes
                0x00000347       0x33 Src/deepstomp_distortion.o
 .ARM.attributes
                0x0000037a       0x33 Src/deepstomp_expansor.o
 .ARM.attributes
                0x000003ad       0x33 Src/deepstomp_modextension.o
 .ARM.attributes
                0x000003e0       0x33 Src/deepstomp_multieffect.o
 .ARM.attributes
                0x00000413       0x33 Src/dstlib_dcremover.o
 .ARM.attributes
                0x00000446       0x33 Src/dstlib_leveldetector.o
 .ARM.attributes
                0x00000479       0x33 Src/main.o
 .ARM.attributes
                0x000004ac       0x33 Src/stm32f1xx_hal_msp.o
 .ARM.attributes
                0x000004df       0x33 Src/stm32f1xx_it.o
 .ARM.attributes
                0x00000512       0x33 Src/system_stm32f1xx.o
 .ARM.attributes
                0x00000545       0x21 startup/startup_stm32f103xb.o
 .ARM.attributes
                0x00000566       0x33 C:\PROJECTFILES\STM32WB\deepstomp\Lib\CMSIS\GCC\libarm_cortexM3l_math.a(arm_abs_q15.o)
 .ARM.attributes
                0x00000599       0x2d c:/ac6/systemworkbench/plugins/fr.ac6.mcu.externaltools.arm-none.win32_1.16.0.201807130628/tools/compiler/bin/../lib/gcc/arm-none-eabi/7.2.1/../../../../arm-none-eabi/lib/thumb/v7-m\libm.a(lib_a-s_round.o)
 .ARM.attributes
                0x000005c6       0x1d c:/ac6/systemworkbench/plugins/fr.ac6.mcu.externaltools.arm-none.win32_1.16.0.201807130628/tools/compiler/bin/../lib/gcc/arm-none-eabi/7.2.1/thumb/v7-m\libgcc.a(_arm_addsubdf3.o)
 .ARM.attributes
                0x000005e3       0x1d c:/ac6/systemworkbench/plugins/fr.ac6.mcu.externaltools.arm-none.win32_1.16.0.201807130628/tools/compiler/bin/../lib/gcc/arm-none-eabi/7.2.1/thumb/v7-m\libgcc.a(_arm_fixunsdfsi.o)
 .ARM.attributes
                0x00000600       0x1d c:/ac6/systemworkbench/plugins/fr.ac6.mcu.externaltools.arm-none.win32_1.16.0.201807130628/tools/compiler/bin/../lib/gcc/arm-none-eabi/7.2.1/thumb/v7-m\libgcc.a(_arm_addsubsf3.o)
 .ARM.attributes
                0x0000061d       0x1d c:/ac6/systemworkbench/plugins/fr.ac6.mcu.externaltools.arm-none.win32_1.16.0.201807130628/tools/compiler/bin/../lib/gcc/arm-none-eabi/7.2.1/thumb/v7-m\libgcc.a(_arm_muldivsf3.o)
 .ARM.attributes
                0x0000063a       0x2d c:/ac6/systemworkbench/plugins/fr.ac6.mcu.externaltools.arm-none.win32_1.16.0.201807130628/tools/compiler/bin/../lib/gcc/arm-none-eabi/7.2.1/../../../../arm-none-eabi/lib/thumb/v7-m\libc_nano.a(lib_a-impure.o)
 .ARM.attributes
                0x00000667       0x2d c:/ac6/systemworkbench/plugins/fr.ac6.mcu.externaltools.arm-none.win32_1.16.0.201807130628/tools/compiler/bin/../lib/gcc/arm-none-eabi/7.2.1/../../../../arm-none-eabi/lib/thumb/v7-m\libc_nano.a(lib_a-init.o)
 .ARM.attributes
                0x00000694       0x2d c:/ac6/systemworkbench/plugins/fr.ac6.mcu.externaltools.arm-none.win32_1.16.0.201807130628/tools/compiler/bin/../lib/gcc/arm-none-eabi/7.2.1/../../../../arm-none-eabi/lib/thumb/v7-m\libc_nano.a(lib_a-malloc.o)
 .ARM.attributes
                0x000006c1       0x2d c:/ac6/systemworkbench/plugins/fr.ac6.mcu.externaltools.arm-none.win32_1.16.0.201807130628/tools/compiler/bin/../lib/gcc/arm-none-eabi/7.2.1/../../../../arm-none-eabi/lib/thumb/v7-m\libc_nano.a(lib_a-nano-freer.o)
 .ARM.attributes
                0x000006ee       0x2d c:/ac6/systemworkbench/plugins/fr.ac6.mcu.externaltools.arm-none.win32_1.16.0.201807130628/tools/compiler/bin/../lib/gcc/arm-none-eabi/7.2.1/../../../../arm-none-eabi/lib/thumb/v7-m\libc_nano.a(lib_a-nano-mallocr.o)
 .ARM.attributes
                0x0000071b       0x2d c:/ac6/systemworkbench/plugins/fr.ac6.mcu.externaltools.arm-none.win32_1.16.0.201807130628/tools/compiler/bin/../lib/gcc/arm-none-eabi/7.2.1/../../../../arm-none-eabi/lib/thumb/v7-m\libc_nano.a(lib_a-sbrkr.o)
 .ARM.attributes
                0x00000748       0x2d c:/ac6/systemworkbench/plugins/fr.ac6.mcu.externaltools.arm-none.win32_1.16.0.201807130628/tools/compiler/bin/../lib/gcc/arm-none-eabi/7.2.1/../../../../arm-none-eabi/lib/thumb/v7-m\libc_nano.a(lib_a-snprintf.o)
 .ARM.attributes
                0x00000775       0x17 c:/ac6/systemworkbench/plugins/fr.ac6.mcu.externaltools.arm-none.win32_1.16.0.201807130628/tools/compiler/bin/../lib/gcc/arm-none-eabi/7.2.1/../../../../arm-none-eabi/lib/thumb/v7-m\libc_nano.a(lib_a-strlen.o)
 .ARM.attributes
                0x0000078c       0x2d c:/ac6/systemworkbench/plugins/fr.ac6.mcu.externaltools.arm-none.win32_1.16.0.201807130628/tools/compiler/bin/../lib/gcc/arm-none-eabi/7.2.1/../../../../arm-none-eabi/lib/thumb/v7-m\libc_nano.a(lib_a-strncpy.o)
 .ARM.attributes
                0x000007b9       0x2d c:/ac6/systemworkbench/plugins/fr.ac6.mcu.externaltools.arm-none.win32_1.16.0.201807130628/tools/compiler/bin/../lib/gcc/arm-none-eabi/7.2.1/../../../../arm-none-eabi/lib/thumb/v7-m\libc_nano.a(lib_a-mlock.o)
 .ARM.attributes
                0x000007e6       0x2d c:/ac6/systemworkbench/plugins/fr.ac6.mcu.externaltools.arm-none.win32_1.16.0.201807130628/tools/compiler/bin/../lib/gcc/arm-none-eabi/7.2.1/../../../../arm-none-eabi/lib/thumb/v7-m\libc_nano.a(lib_a-nano-svfprintf.o)
 .ARM.attributes
                0x00000813       0x2d c:/ac6/systemworkbench/plugins/fr.ac6.mcu.externaltools.arm-none.win32_1.16.0.201807130628/tools/compiler/bin/../lib/gcc/arm-none-eabi/7.2.1/../../../../arm-none-eabi/lib/thumb/v7-m\libc_nano.a(lib_a-nano-vfprintf_i.o)
 .ARM.attributes
                0x00000840       0x2d c:/ac6/systemworkbench/plugins/fr.ac6.mcu.externaltools.arm-none.win32_1.16.0.201807130628/tools/compiler/bin/../lib/gcc/arm-none-eabi/7.2.1/../../../../arm-none-eabi/lib/thumb/v7-m\libc_nano.a(lib_a-reent.o)
 .ARM.attributes
                0x0000086d       0x2d c:/ac6/systemworkbench/plugins/fr.ac6.mcu.externaltools.arm-none.win32_1.16.0.201807130628/tools/compiler/bin/../lib/gcc/arm-none-eabi/7.2.1/../../../../arm-none-eabi/lib/thumb/v7-m\libc_nano.a(lib_a-memchr-stub.o)
 .ARM.attributes
                0x0000089a       0x2d c:/ac6/systemworkbench/plugins/fr.ac6.mcu.externaltools.arm-none.win32_1.16.0.201807130628/tools/compiler/bin/../lib/gcc/arm-none-eabi/7.2.1/../../../../arm-none-eabi/lib/thumb/v7-m\libc_nano.a(lib_a-memcpy-stub.o)
 .ARM.attributes
                0x000008c7       0x2d c:/ac6/systemworkbench/plugins/fr.ac6.mcu.externaltools.arm-none.win32_1.16.0.201807130628/tools/compiler/bin/../lib/gcc/arm-none-eabi/7.2.1/../../../../arm-none-eabi/lib/thumb/v7-m\libc_nano.a(lib_a-memmove.o)
 .ARM.attributes
                0x000008f4       0x2d c:/ac6/systemworkbench/plugins/fr.ac6.mcu.externaltools.arm-none.win32_1.16.0.201807130628/tools/compiler/bin/../lib/gcc/arm-none-eabi/7.2.1/../../../../arm-none-eabi/lib/thumb/v7-m\libc_nano.a(lib_a-nano-reallocr.o)
 .ARM.attributes
                0x00000921       0x2d c:/ac6/systemworkbench/plugins/fr.ac6.mcu.externaltools.arm-none.win32_1.16.0.201807130628/tools/compiler/bin/../lib/gcc/arm-none-eabi/7.2.1/../../../../arm-none-eabi/lib/thumb/v7-m\libc_nano.a(lib_a-nano-msizer.o)
 .ARM.attributes
                0x0000094e       0x2d c:/ac6/systemworkbench/plugins/fr.ac6.mcu.externaltools.arm-none.win32_1.16.0.201807130628/tools/compiler/bin/../lib/gcc/arm-none-eabi/7.2.1/../../../../arm-none-eabi/lib/thumb/v7-m\libnosys.a(sbrk.o)
 .ARM.attributes
                0x0000097b       0x1d c:/ac6/systemworkbench/plugins/fr.ac6.mcu.externaltools.arm-none.win32_1.16.0.201807130628/tools/compiler/bin/../lib/gcc/arm-none-eabi/7.2.1/thumb/v7-m/crtn.o
OUTPUT(deepstomp.elf elf32-littlearm)

.comment        0x00000000       0xee
 .comment       0x00000000       0x7e Drivers/STM32F1xx_HAL_Driver/Src/stm32f1xx_hal.o
                                 0x7f (size before relaxing)
 .comment       0x0000007e       0x7f Drivers/STM32F1xx_HAL_Driver/Src/stm32f1xx_hal_adc.o
 .comment       0x0000007e       0x7f Drivers/STM32F1xx_HAL_Driver/Src/stm32f1xx_hal_adc_ex.o
 .comment       0x0000007e       0x7f Drivers/STM32F1xx_HAL_Driver/Src/stm32f1xx_hal_cortex.o
 .comment       0x0000007e       0x7f Drivers/STM32F1xx_HAL_Driver/Src/stm32f1xx_hal_dma.o
 .comment       0x0000007e       0x7f Drivers/STM32F1xx_HAL_Driver/Src/stm32f1xx_hal_flash.o
 .comment       0x0000007e       0x7f Drivers/STM32F1xx_HAL_Driver/Src/stm32f1xx_hal_flash_ex.o
 .comment       0x0000007e       0x7f Drivers/STM32F1xx_HAL_Driver/Src/stm32f1xx_hal_gpio.o
 .comment       0x0000007e       0x7f Drivers/STM32F1xx_HAL_Driver/Src/stm32f1xx_hal_rcc.o
 .comment       0x0000007e       0x7f Drivers/STM32F1xx_HAL_Driver/Src/stm32f1xx_hal_rcc_ex.o
 .comment       0x0000007e       0x7f Drivers/STM32F1xx_HAL_Driver/Src/stm32f1xx_hal_tim.o
 .comment       0x0000007e       0x7f Drivers/STM32F1xx_HAL_Driver/Src/stm32f1xx_hal_tim_ex.o
 .comment       0x0000007e       0x7f Drivers/STM32F1xx_HAL_Driver/Src/stm32f1xx_hal_uart.o
 .comment       0x0000007e       0x7f Src/deepstomp.o
 .comment       0x0000007e       0x7f Src/deepstomp_delay.o
 .comment       0x0000007e       0x7f Src/deepstomp_distortion.o
 .comment       0x0000007e       0x7f Src/deepstomp_expansor.o
 .comment       0x0000007e       0x7f Src/deepstomp_modextension.o
 .comment       0x0000007e       0x7f Src/deepstomp_multieffect.o
 .comment       0x0000007e       0x7f Src/dstlib_dcremover.o
 .comment       0x0000007e       0x7f Src/dstlib_leveldetector.o
 .comment       0x0000007e       0x7f Src/main.o
 .comment       0x0000007e       0x7f Src/stm32f1xx_hal_msp.o
 .comment       0x0000007e       0x7f Src/stm32f1xx_it.o
 .comment       0x0000007e       0x7f Src/system_stm32f1xx.o
 .comment       0x0000007e       0x70 C:\PROJECTFILES\STM32WB\deepstomp\Lib\CMSIS\GCC\libarm_cortexM3l_math.a(arm_abs_q15.o)
                                 0x71 (size before relaxing)

.debug_info     0x00000000      0x38a
 .debug_info    0x00000000      0x38a C:\PROJECTFILES\STM32WB\deepstomp\Lib\CMSIS\GCC\libarm_cortexM3l_math.a(arm_abs_q15.o)

.debug_abbrev   0x00000000      0x12a
 .debug_abbrev  0x00000000      0x12a C:\PROJECTFILES\STM32WB\deepstomp\Lib\CMSIS\GCC\libarm_cortexM3l_math.a(arm_abs_q15.o)

.debug_loc      0x00000000      0x482
 .debug_loc     0x00000000      0x482 C:\PROJECTFILES\STM32WB\deepstomp\Lib\CMSIS\GCC\libarm_cortexM3l_math.a(arm_abs_q15.o)

.debug_aranges  0x00000000       0x20
 .debug_aranges
                0x00000000       0x20 C:\PROJECTFILES\STM32WB\deepstomp\Lib\CMSIS\GCC\libarm_cortexM3l_math.a(arm_abs_q15.o)

.debug_ranges   0x00000000       0x28
 .debug_ranges  0x00000000       0x28 C:\PROJECTFILES\STM32WB\deepstomp\Lib\CMSIS\GCC\libarm_cortexM3l_math.a(arm_abs_q15.o)

.debug_line     0x00000000      0x20c
 .debug_line    0x00000000      0x20c C:\PROJECTFILES\STM32WB\deepstomp\Lib\CMSIS\GCC\libarm_cortexM3l_math.a(arm_abs_q15.o)

.debug_str      0x00000000      0x1d8
 .debug_str     0x00000000      0x1d8 C:\PROJECTFILES\STM32WB\deepstomp\Lib\CMSIS\GCC\libarm_cortexM3l_math.a(arm_abs_q15.o)
                                0x231 (size before relaxing)

.debug_frame    0x00000000      0x5b8
 .debug_frame   0x00000000       0x30 C:\PROJECTFILES\STM32WB\deepstomp\Lib\CMSIS\GCC\libarm_cortexM3l_math.a(arm_abs_q15.o)
 .debug_frame   0x00000030       0x30 c:/ac6/systemworkbench/plugins/fr.ac6.mcu.externaltools.arm-none.win32_1.16.0.201807130628/tools/compiler/bin/../lib/gcc/arm-none-eabi/7.2.1/../../../../arm-none-eabi/lib/thumb/v7-m\libm.a(lib_a-s_round.o)
 .debug_frame   0x00000060       0xac c:/ac6/systemworkbench/plugins/fr.ac6.mcu.externaltools.arm-none.win32_1.16.0.201807130628/tools/compiler/bin/../lib/gcc/arm-none-eabi/7.2.1/thumb/v7-m\libgcc.a(_arm_addsubdf3.o)
 .debug_frame   0x0000010c       0x24 c:/ac6/systemworkbench/plugins/fr.ac6.mcu.externaltools.arm-none.win32_1.16.0.201807130628/tools/compiler/bin/../lib/gcc/arm-none-eabi/7.2.1/thumb/v7-m\libgcc.a(_arm_fixunsdfsi.o)
 .debug_frame   0x00000130       0x4c c:/ac6/systemworkbench/plugins/fr.ac6.mcu.externaltools.arm-none.win32_1.16.0.201807130628/tools/compiler/bin/../lib/gcc/arm-none-eabi/7.2.1/thumb/v7-m\libgcc.a(_arm_addsubsf3.o)
 .debug_frame   0x0000017c       0x38 c:/ac6/systemworkbench/plugins/fr.ac6.mcu.externaltools.arm-none.win32_1.16.0.201807130628/tools/compiler/bin/../lib/gcc/arm-none-eabi/7.2.1/thumb/v7-m\libgcc.a(_arm_muldivsf3.o)
 .debug_frame   0x000001b4       0x2c c:/ac6/systemworkbench/plugins/fr.ac6.mcu.externaltools.arm-none.win32_1.16.0.201807130628/tools/compiler/bin/../lib/gcc/arm-none-eabi/7.2.1/../../../../arm-none-eabi/lib/thumb/v7-m\libc_nano.a(lib_a-init.o)
 .debug_frame   0x000001e0       0x30 c:/ac6/systemworkbench/plugins/fr.ac6.mcu.externaltools.arm-none.win32_1.16.0.201807130628/tools/compiler/bin/../lib/gcc/arm-none-eabi/7.2.1/../../../../arm-none-eabi/lib/thumb/v7-m\libc_nano.a(lib_a-malloc.o)
 .debug_frame   0x00000210       0x38 c:/ac6/systemworkbench/plugins/fr.ac6.mcu.externaltools.arm-none.win32_1.16.0.201807130628/tools/compiler/bin/../lib/gcc/arm-none-eabi/7.2.1/../../../../arm-none-eabi/lib/thumb/v7-m\libc_nano.a(lib_a-nano-freer.o)
 .debug_frame   0x00000248       0x2c c:/ac6/systemworkbench/plugins/fr.ac6.mcu.externaltools.arm-none.win32_1.16.0.201807130628/tools/compiler/bin/../lib/gcc/arm-none-eabi/7.2.1/../../../../arm-none-eabi/lib/thumb/v7-m\libc_nano.a(lib_a-nano-mallocr.o)
 .debug_frame   0x00000274       0x2c c:/ac6/systemworkbench/plugins/fr.ac6.mcu.externaltools.arm-none.win32_1.16.0.201807130628/tools/compiler/bin/../lib/gcc/arm-none-eabi/7.2.1/../../../../arm-none-eabi/lib/thumb/v7-m\libc_nano.a(lib_a-sbrkr.o)
 .debug_frame   0x000002a0       0x7c c:/ac6/systemworkbench/plugins/fr.ac6.mcu.externaltools.arm-none.win32_1.16.0.201807130628/tools/compiler/bin/../lib/gcc/arm-none-eabi/7.2.1/../../../../arm-none-eabi/lib/thumb/v7-m\libc_nano.a(lib_a-snprintf.o)
 .debug_frame   0x0000031c       0x2c c:/ac6/systemworkbench/plugins/fr.ac6.mcu.externaltools.arm-none.win32_1.16.0.201807130628/tools/compiler/bin/../lib/gcc/arm-none-eabi/7.2.1/../../../../arm-none-eabi/lib/thumb/v7-m\libc_nano.a(lib_a-strncpy.o)
 .debug_frame   0x00000348       0x30 c:/ac6/systemworkbench/plugins/fr.ac6.mcu.externaltools.arm-none.win32_1.16.0.201807130628/tools/compiler/bin/../lib/gcc/arm-none-eabi/7.2.1/../../../../arm-none-eabi/lib/thumb/v7-m\libc_nano.a(lib_a-mlock.o)
 .debug_frame   0x00000378       0x90 c:/ac6/systemworkbench/plugins/fr.ac6.mcu.externaltools.arm-none.win32_1.16.0.201807130628/tools/compiler/bin/../lib/gcc/arm-none-eabi/7.2.1/../../../../arm-none-eabi/lib/thumb/v7-m\libc_nano.a(lib_a-nano-svfprintf.o)
 .debug_frame   0x00000408       0x60 c:/ac6/systemworkbench/plugins/fr.ac6.mcu.externaltools.arm-none.win32_1.16.0.201807130628/tools/compiler/bin/../lib/gcc/arm-none-eabi/7.2.1/../../../../arm-none-eabi/lib/thumb/v7-m\libc_nano.a(lib_a-nano-vfprintf_i.o)
 .debug_frame   0x00000468       0x5c c:/ac6/systemworkbench/plugins/fr.ac6.mcu.externaltools.arm-none.win32_1.16.0.201807130628/tools/compiler/bin/../lib/gcc/arm-none-eabi/7.2.1/../../../../arm-none-eabi/lib/thumb/v7-m\libc_nano.a(lib_a-reent.o)
 .debug_frame   0x000004c4       0x28 c:/ac6/systemworkbench/plugins/fr.ac6.mcu.externaltools.arm-none.win32_1.16.0.201807130628/tools/compiler/bin/../lib/gcc/arm-none-eabi/7.2.1/../../../../arm-none-eabi/lib/thumb/v7-m\libc_nano.a(lib_a-memchr-stub.o)
 .debug_frame   0x000004ec       0x28 c:/ac6/systemworkbench/plugins/fr.ac6.mcu.externaltools.arm-none.win32_1.16.0.201807130628/tools/compiler/bin/../lib/gcc/arm-none-eabi/7.2.1/../../../../arm-none-eabi/lib/thumb/v7-m\libc_nano.a(lib_a-memcpy-stub.o)
 .debug_frame   0x00000514       0x28 c:/ac6/systemworkbench/plugins/fr.ac6.mcu.externaltools.arm-none.win32_1.16.0.201807130628/tools/compiler/bin/../lib/gcc/arm-none-eabi/7.2.1/../../../../arm-none-eabi/lib/thumb/v7-m\libc_nano.a(lib_a-memmove.o)
 .debug_frame   0x0000053c       0x3c c:/ac6/systemworkbench/plugins/fr.ac6.mcu.externaltools.arm-none.win32_1.16.0.201807130628/tools/compiler/bin/../lib/gcc/arm-none-eabi/7.2.1/../../../../arm-none-eabi/lib/thumb/v7-m\libc_nano.a(lib_a-nano-reallocr.o)
 .debug_frame   0x00000578       0x20 c:/ac6/systemworkbench/plugins/fr.ac6.mcu.externaltools.arm-none.win32_1.16.0.201807130628/tools/compiler/bin/../lib/gcc/arm-none-eabi/7.2.1/../../../../arm-none-eabi/lib/thumb/v7-m\libc_nano.a(lib_a-nano-msizer.o)
 .debug_frame   0x00000598       0x20 c:/ac6/systemworkbench/plugins/fr.ac6.mcu.externaltools.arm-none.win32_1.16.0.201807130628/tools/compiler/bin/../lib/gcc/arm-none-eabi/7.2.1/../../../../arm-none-eabi/lib/thumb/v7-m\libnosys.a(sbrk.o)
